Archive member included to satisfy reference by file (symbol)

/usr/lib/gcc/arm-none-eabi/9.2.0/thumb/v6-m/nofp/libgcc.a(_udivsi3.o)
                              CMakeFiles/Temperature_monitor.elf.dir/Drivers/STM32F0xx_HAL_Driver/Src/stm32f0xx_hal.c.obj (__aeabi_uidiv)
/usr/lib/gcc/arm-none-eabi/9.2.0/thumb/v6-m/nofp/libgcc.a(_dvmd_tls.o)
                              /usr/lib/gcc/arm-none-eabi/9.2.0/thumb/v6-m/nofp/libgcc.a(_udivsi3.o) (__aeabi_idiv0)
/usr/lib/gcc/arm-none-eabi/9.2.0/thumb/v6-m/nofp/libgcc.a(_arm_cmpsf2.o)
                              CMakeFiles/Temperature_monitor.elf.dir/Src/main.c.obj (__aeabi_fcmplt)
/usr/lib/gcc/arm-none-eabi/9.2.0/thumb/v6-m/nofp/libgcc.a(addsf3.o)
                              CMakeFiles/Temperature_monitor.elf.dir/Src/main.c.obj (__aeabi_fadd)
/usr/lib/gcc/arm-none-eabi/9.2.0/thumb/v6-m/nofp/libgcc.a(divsf3.o)
                              CMakeFiles/Temperature_monitor.elf.dir/Src/MAX31865.c.obj (__aeabi_fdiv)
/usr/lib/gcc/arm-none-eabi/9.2.0/thumb/v6-m/nofp/libgcc.a(eqsf2.o)
                              /usr/lib/gcc/arm-none-eabi/9.2.0/thumb/v6-m/nofp/libgcc.a(_arm_cmpsf2.o) (__eqsf2)
/usr/lib/gcc/arm-none-eabi/9.2.0/thumb/v6-m/nofp/libgcc.a(gesf2.o)
                              /usr/lib/gcc/arm-none-eabi/9.2.0/thumb/v6-m/nofp/libgcc.a(_arm_cmpsf2.o) (__gesf2)
/usr/lib/gcc/arm-none-eabi/9.2.0/thumb/v6-m/nofp/libgcc.a(lesf2.o)
                              /usr/lib/gcc/arm-none-eabi/9.2.0/thumb/v6-m/nofp/libgcc.a(_arm_cmpsf2.o) (__lesf2)
/usr/lib/gcc/arm-none-eabi/9.2.0/thumb/v6-m/nofp/libgcc.a(mulsf3.o)
                              CMakeFiles/Temperature_monitor.elf.dir/Src/MAX31865.c.obj (__aeabi_fmul)
/usr/lib/gcc/arm-none-eabi/9.2.0/thumb/v6-m/nofp/libgcc.a(subsf3.o)
                              CMakeFiles/Temperature_monitor.elf.dir/Src/MAX31865.c.obj (__aeabi_fsub)
/usr/lib/gcc/arm-none-eabi/9.2.0/thumb/v6-m/nofp/libgcc.a(floatunsisf.o)
                              CMakeFiles/Temperature_monitor.elf.dir/Src/MAX31865.c.obj (__aeabi_ui2f)
/usr/lib/gcc/arm-none-eabi/9.2.0/thumb/v6-m/nofp/libgcc.a(divdf3.o)
                              CMakeFiles/Temperature_monitor.elf.dir/Src/MAX31865.c.obj (__aeabi_ddiv)
/usr/lib/gcc/arm-none-eabi/9.2.0/thumb/v6-m/nofp/libgcc.a(muldf3.o)
                              CMakeFiles/Temperature_monitor.elf.dir/Src/KIMaip.c.obj (__aeabi_dmul)
/usr/lib/gcc/arm-none-eabi/9.2.0/thumb/v6-m/nofp/libgcc.a(floatsidf.o)
                              CMakeFiles/Temperature_monitor.elf.dir/Src/KIMaip.c.obj (__aeabi_i2d)
/usr/lib/gcc/arm-none-eabi/9.2.0/thumb/v6-m/nofp/libgcc.a(floatunsidf.o)
                              CMakeFiles/Temperature_monitor.elf.dir/Src/KIMaip.c.obj (__aeabi_ui2d)
/usr/lib/gcc/arm-none-eabi/9.2.0/thumb/v6-m/nofp/libgcc.a(extendsfdf2.o)
                              CMakeFiles/Temperature_monitor.elf.dir/Src/MAX31865.c.obj (__aeabi_f2d)
/usr/lib/gcc/arm-none-eabi/9.2.0/thumb/v6-m/nofp/libgcc.a(truncdfsf2.o)
                              CMakeFiles/Temperature_monitor.elf.dir/Src/KIMaip.c.obj (__aeabi_d2f)
/usr/lib/gcc/arm-none-eabi/9.2.0/thumb/v6-m/nofp/libgcc.a(_thumb1_case_uqi.o)
                              /usr/lib/gcc/arm-none-eabi/9.2.0/thumb/v6-m/nofp/libgcc.a(divsf3.o) (__gnu_thumb1_case_uqi)
/usr/lib/gcc/arm-none-eabi/9.2.0/thumb/v6-m/nofp/libgcc.a(_thumb1_case_uhi.o)
                              /usr/lib/gcc/arm-none-eabi/9.2.0/thumb/v6-m/nofp/libgcc.a(divdf3.o) (__gnu_thumb1_case_uhi)
/usr/lib/gcc/arm-none-eabi/9.2.0/thumb/v6-m/nofp/libgcc.a(_clzsi2.o)
                              /usr/lib/gcc/arm-none-eabi/9.2.0/thumb/v6-m/nofp/libgcc.a(addsf3.o) (__clzsi2)
/usr/lib/gcc/arm-none-eabi/9.2.0/../../../../arm-none-eabi/lib/thumb/v6-m/nofp/libg_nano.a(lib_a-atexit.o)
                              /usr/lib/gcc/arm-none-eabi/9.2.0/../../../../arm-none-eabi/lib/thumb/v6-m/nofp/crt0.o (atexit)
/usr/lib/gcc/arm-none-eabi/9.2.0/../../../../arm-none-eabi/lib/thumb/v6-m/nofp/libg_nano.a(lib_a-errno.o)
                              CMakeFiles/Temperature_monitor.elf.dir/Src/syscalls.c.obj (__errno)
/usr/lib/gcc/arm-none-eabi/9.2.0/../../../../arm-none-eabi/lib/thumb/v6-m/nofp/libg_nano.a(lib_a-exit.o)
                              /usr/lib/gcc/arm-none-eabi/9.2.0/../../../../arm-none-eabi/lib/thumb/v6-m/nofp/crt0.o (exit)
/usr/lib/gcc/arm-none-eabi/9.2.0/../../../../arm-none-eabi/lib/thumb/v6-m/nofp/libg_nano.a(lib_a-fini.o)
                              /usr/lib/gcc/arm-none-eabi/9.2.0/../../../../arm-none-eabi/lib/thumb/v6-m/nofp/crt0.o (__libc_fini_array)
/usr/lib/gcc/arm-none-eabi/9.2.0/../../../../arm-none-eabi/lib/thumb/v6-m/nofp/libg_nano.a(lib_a-impure.o)
                              /usr/lib/gcc/arm-none-eabi/9.2.0/../../../../arm-none-eabi/lib/thumb/v6-m/nofp/libg_nano.a(lib_a-exit.o) (_global_impure_ptr)
/usr/lib/gcc/arm-none-eabi/9.2.0/../../../../arm-none-eabi/lib/thumb/v6-m/nofp/libg_nano.a(lib_a-init.o)
[...]
Memory Configuration

Name             Origin             Length             Attributes
RAM              0x0000000020000000 0x0000000000004000 xrw
FLASH            0x0000000008000000 0x0000000000010000 xr
*default*        0x0000000000000000 0xffffffffffffffff

Linker script and memory map

LOAD /usr/lib/gcc/arm-none-eabi/9.2.0/thumb/v6-m/nofp/crti.o
LOAD /usr/lib/gcc/arm-none-eabi/9.2.0/thumb/v6-m/nofp/crtbegin.o
LOAD /usr/lib/gcc/arm-none-eabi/9.2.0/../../../../arm-none-eabi/lib/thumb/v6-m/nofp/crt0.o
LOAD CMakeFiles/Temperature_monitor.elf.dir/Drivers/STM32F0xx_HAL_Driver/Src/stm32f0xx_hal.c.obj
LOAD CMakeFiles/Temperature_monitor.elf.dir/Drivers/STM32F0xx_HAL_Driver/Src/stm32f0xx_hal_cortex.c.obj
LOAD CMakeFiles/Temperature_monitor.elf.dir/Drivers/STM32F0xx_HAL_Driver/Src/stm32f0xx_hal_dma.c.obj
LOAD CMakeFiles/Temperature_monitor.elf.dir/Drivers/STM32F0xx_HAL_Driver/Src/stm32f0xx_hal_flash.c.obj
LOAD CMakeFiles/Temperature_monitor.elf.dir/Drivers/STM32F0xx_HAL_Driver/Src/stm32f0xx_hal_flash_ex.c.obj
LOAD CMakeFiles/Temperature_monitor.elf.dir/Drivers/STM32F0xx_HAL_Driver/Src/stm32f0xx_hal_gpio.c.obj
LOAD CMakeFiles/Temperature_monitor.elf.dir/Drivers/STM32F0xx_HAL_Driver/Src/stm32f0xx_hal_i2c.c.obj
LOAD CMakeFiles/Temperature_monitor.elf.dir/Drivers/STM32F0xx_HAL_Driver/Src/stm32f0xx_hal_i2c_ex.c.obj
LOAD CMakeFiles/Temperature_monitor.elf.dir/Drivers/STM32F0xx_HAL_Driver/Src/stm32f0xx_hal_iwdg.c.obj
LOAD CMakeFiles/Temperature_monitor.elf.dir/Drivers/STM32F0xx_HAL_Driver/Src/stm32f0xx_hal_pwr.c.obj
LOAD CMakeFiles/Temperature_monitor.elf.dir/Drivers/STM32F0xx_HAL_Driver/Src/stm32f0xx_hal_pwr_ex.c.obj
LOAD CMakeFiles/Temperature_monitor.elf.dir/Drivers/STM32F0xx_HAL_Driver/Src/stm32f0xx_hal_rcc.c.obj
LOAD CMakeFiles/Temperature_monitor.elf.dir/Drivers/STM32F0xx_HAL_Driver/Src/stm32f0xx_hal_rcc_ex.c.obj
LOAD CMakeFiles/Temperature_monitor.elf.dir/Drivers/STM32F0xx_HAL_Driver/Src/stm32f0xx_hal_tim.c.obj
LOAD CMakeFiles/Temperature_monitor.elf.dir/Drivers/STM32F0xx_HAL_Driver/Src/stm32f0xx_hal_tim_ex.c.obj
LOAD CMakeFiles/Temperature_monitor.elf.dir/Src/KIMaip.c.obj
LOAD CMakeFiles/Temperature_monitor.elf.dir/Src/MAX31865.c.obj
LOAD CMakeFiles/Temperature_monitor.elf.dir/Src/main.c.obj
LOAD CMakeFiles/Temperature_monitor.elf.dir/Src/nokia5110_LCD.c.obj
LOAD CMakeFiles/Temperature_monitor.elf.dir/Src/stm32f0xx_hal_msp.c.obj
LOAD CMakeFiles/Temperature_monitor.elf.dir/Src/stm32f0xx_it.c.obj
LOAD CMakeFiles/Temperature_monitor.elf.dir/Src/syscalls.c.obj
LOAD CMakeFiles/Temperature_monitor.elf.dir/Src/system_stm32f0xx.c.obj
LOAD CMakeFiles/Temperature_monitor.elf.dir/startup/startup_stm32f072xb.s.obj
START GROUP
LOAD /usr/lib/gcc/arm-none-eabi/9.2.0/thumb/v6-m/nofp/libgcc.a
LOAD /usr/lib/gcc/arm-none-eabi/9.2.0/../../../../arm-none-eabi/lib/thumb/v6-m/nofp/libg_nano.a
LOAD /usr/lib/gcc/arm-none-eabi/9.2.0/../../../../arm-none-eabi/lib/thumb/v6-m/nofp/libc_nano.a
END GROUP
START GROUP
LOAD /usr/lib/gcc/arm-none-eabi/9.2.0/thumb/v6-m/nofp/libgcc.a
LOAD /usr/lib/gcc/arm-none-eabi/9.2.0/../../../../arm-none-eabi/lib/thumb/v6-m/nofp/libc_nano.a
LOAD /usr/lib/gcc/arm-none-eabi/9.2.0/../../../../arm-none-eabi/lib/thumb/v6-m/nofp/libnosys.a
END GROUP
START GROUP
LOAD /usr/lib/gcc/arm-none-eabi/9.2.0/thumb/v6-m/nofp/libgcc.a
LOAD /usr/lib/gcc/arm-none-eabi/9.2.0/../../../../arm-none-eabi/lib/thumb/v6-m/nofp/libc_nano.a
LOAD /usr/lib/gcc/arm-none-eabi/9.2.0/../../../../arm-none-eabi/lib/thumb/v6-m/nofp/libnosys.a
END GROUP
LOAD /usr/lib/gcc/arm-none-eabi/9.2.0/thumb/v6-m/nofp/crtend.o
LOAD /usr/lib/gcc/arm-none-eabi/9.2.0/thumb/v6-m/nofp/crtn.o
                0x0000000020004000                _estack = 0x20004000
                0x0000000000000200                _Min_Heap_Size = 0x200
                0x0000000000000400                _Min_Stack_Size = 0x400

.isr_vector     0x0000000008000000       0xc0
                0x0000000008000000                . = ALIGN (0x4)
 *(.isr_vector)
 .isr_vector    0x0000000008000000       0xc0 CMakeFiles/Temperature_monitor.elf.dir/startup/startup_stm32f072xb.s.obj
                0x0000000008000000                g_pfnVectors
                0x00000000080000c0                . = ALIGN (0x4)

.text           0x00000000080000c0     0x8eb8
                0x00000000080000c0                . = ALIGN (0x4)
 *(.text)
 .text          0x00000000080000c0       0x8c /usr/lib/gcc/arm-none-eabi/9.2.0/thumb/v6-m/nofp/libgcc.a(_udivsi3.o)
                0x00000000080000c0                __udivsi3
                0x00000000080000c0                __aeabi_uidiv
                0x0000000008000138                __aeabi_uidivmod
 .text          0x000000000800014c        0x4 /usr/lib/gcc/arm-none-eabi/9.2.0/thumb/v6-m/nofp/libgcc.a(_dvmd_tls.o)
                0x000000000800014c                __aeabi_ldiv0
                0x000000000800014c                __aeabi_idiv0
 .text          0x0000000008000150       0x74 /usr/lib/gcc/arm-none-eabi/9.2.0/thumb/v6-m/nofp/libgcc.a(_arm_cmpsf2.o)
                0x0000000008000150                __aeabi_cfrcmple
                0x0000000008000158                __aeabi_cfcmple
                0x0000000008000158                __aeabi_cfcmpeq
                0x0000000008000168                __aeabi_fcmpeq
                0x0000000008000174                __aeabi_fcmplt
                0x0000000008000188                __aeabi_fcmple
                0x000000000800019c                __aeabi_fcmpgt
                0x00000000080001b0                __aeabi_fcmpge
 .text          0x00000000080001c4       0x14 /usr/lib/gcc/arm-none-eabi/9.2.0/thumb/v6-m/nofp/libgcc.a(_thumb1_case_uqi.o)
                0x00000000080001c4                __gnu_thumb1_case_uqi
 .text          0x00000000080001d8       0x14 /usr/lib/gcc/arm-none-eabi/9.2.0/thumb/v6-m/nofp/libgcc.a(_thumb1_case_uhi.o)
                0x00000000080001d8                __gnu_thumb1_case_uhi
 .text          0x00000000080001ec       0x3c /usr/lib/gcc/arm-none-eabi/9.2.0/thumb/v6-m/nofp/libgcc.a(_clzsi2.o)
                0x00000000080001ec                __clzsi2
 .text          0x0000000008000228        0xe /usr/lib/gcc/arm-none-eabi/9.2.0/../../../../arm-none-eabi/lib/thumb/v6-m/nofp/libg_nano.a(lib_a-strlen.o)
                0x0000000008000228                strlen
 *fill*         0x0000000008000236        0x2 
 .text          0x0000000008000238       0x14 /usr/lib/gcc/arm-none-eabi/9.2.0/thumb/v6-m/nofp/libgcc.a(_thumb1_case_shi.o)
                0x0000000008000238                __gnu_thumb1_case_shi
 .text          0x000000000800024c       0xa8 /usr/lib/gcc/arm-none-eabi/9.2.0/thumb/v6-m/nofp/libgcc.a(_divsi3.o)
                0x000000000800024c                __aeabi_idiv
                0x000000000800024c                __divsi3
                0x00000000080002e0                __aeabi_idivmod
 .text          0x00000000080002f4       0x7c /usr/lib/gcc/arm-none-eabi/9.2.0/thumb/v6-m/nofp/libgcc.a(_arm_cmpdf2.o)
                0x00000000080002f4                __aeabi_cdrcmple
                0x0000000008000304                __aeabi_cdcmple
                0x0000000008000304                __aeabi_cdcmpeq
                0x0000000008000314                __aeabi_dcmpeq
                0x0000000008000320                __aeabi_dcmplt
                0x0000000008000334                __aeabi_dcmple
                0x0000000008000348                __aeabi_dcmpgt
                0x000000000800035c                __aeabi_dcmpge
 *(.text*)
 .text.__do_global_dtors_aux
                0x0000000008000370       0x28 /usr/lib/gcc/arm-none-eabi/9.2.0/thumb/v6-m/nofp/crtbegin.o
 .text.frame_dummy
                0x0000000008000398       0x20 /usr/lib/gcc/arm-none-eabi/9.2.0/thumb/v6-m/nofp/crtbegin.o
 .text.HAL_Init
                0x00000000080003b8       0x28 CMakeFiles/Temperature_monitor.elf.dir/Drivers/STM32F0xx_HAL_Driver/Src/stm32f0xx_hal.c.obj
                0x00000000080003b8                HAL_Init
 .text.HAL_InitTick
                0x00000000080003e0       0x38 CMakeFiles/Temperature_monitor.elf.dir/Drivers/STM32F0xx_HAL_Driver/Src/stm32f0xx_hal.c.obj
                0x00000000080003e0                HAL_InitTick
 .text.HAL_IncTick
                0x0000000008000418       0x18 CMakeFiles/Temperature_monitor.elf.dir/Drivers/STM32F0xx_HAL_Driver/Src/stm32f0xx_hal.c.obj
                0x0000000008000418                HAL_IncTick
 .text.HAL_GetTick
                0x0000000008000430       0x14 CMakeFiles/Temperature_monitor.elf.dir/Drivers/STM32F0xx_HAL_Driver/Src/stm32f0xx_hal.c.obj
                0x0000000008000430                HAL_GetTick
 .text.HAL_Delay
                0x0000000008000444       0x3c CMakeFiles/Temperature_monitor.elf.dir/Drivers/STM32F0xx_HAL_Driver/Src/stm32f0xx_hal.c.obj
                0x0000000008000444                HAL_Delay
 .text.NVIC_EnableIRQ
                0x0000000008000480       0x2c CMakeFiles/Temperature_monitor.elf.dir/Drivers/STM32F0xx_HAL_Driver/Src/stm32f0xx_hal_cortex.c.obj
 .text.NVIC_SetPriority
                0x00000000080004ac       0xdc CMakeFiles/Temperature_monitor.elf.dir/Drivers/STM32F0xx_HAL_Driver/Src/stm32f0xx_hal_cortex.c.obj
 .text.SysTick_Config
                0x0000000008000588       0x48 CMakeFiles/Temperature_monitor.elf.dir/Drivers/STM32F0xx_HAL_Driver/Src/stm32f0xx_hal_cortex.c.obj
 .text.HAL_NVIC_SetPriority
                0x00000000080005d0       0x2a CMakeFiles/Temperature_monitor.elf.dir/Drivers/STM32F0xx_HAL_Driver/Src/stm32f0xx_hal_cortex.c.obj
                0x00000000080005d0                HAL_NVIC_SetPriority
 .text.HAL_NVIC_EnableIRQ
                0x00000000080005fa       0x20 CMakeFiles/Temperature_monitor.elf.dir/Drivers/STM32F0xx_HAL_Driver/Src/stm32f0xx_hal_cortex.c.obj
                0x00000000080005fa                HAL_NVIC_EnableIRQ
 .text.HAL_SYSTICK_Config
                0x000000000800061a       0x1a CMakeFiles/Temperature_monitor.elf.dir/Drivers/STM32F0xx_HAL_Driver/Src/stm32f0xx_hal_cortex.c.obj
                0x000000000800061a                HAL_SYSTICK_Config
 .text.HAL_GPIO_Init
                0x0000000008000634      0x2f8 CMakeFiles/Temperature_monitor.elf.dir/Drivers/STM32F0xx_HAL_Driver/Src/stm32f0xx_hal_gpio.c.obj
                0x0000000008000634                HAL_GPIO_Init
 .text.HAL_GPIO_ReadPin
                0x000000000800092c       0x3a CMakeFiles/Temperature_monitor.elf.dir/Drivers/STM32F0xx_HAL_Driver/Src/stm32f0xx_hal_gpio.c.obj
                0x000000000800092c                HAL_GPIO_ReadPin
 .text.HAL_GPIO_WritePin
                0x0000000008000966       0x3a CMakeFiles/Temperature_monitor.elf.dir/Drivers/STM32F0xx_HAL_Driver/Src/stm32f0xx_hal_gpio.c.obj
                0x0000000008000966                HAL_GPIO_WritePin
 .text.HAL_GPIO_EXTI_IRQHandler
                0x00000000080009a0       0x38 CMakeFiles/Temperature_monitor.elf.dir/Drivers/STM32F0xx_HAL_Driver/Src/stm32f0xx_hal_gpio.c.obj
                0x00000000080009a0                HAL_GPIO_EXTI_IRQHandler
 .text.HAL_I2C_Init
                0x00000000080009d8      0x12c CMakeFiles/Temperature_monitor.elf.dir/Drivers/STM32F0xx_HAL_Driver/Src/stm32f0xx_hal_i2c.c.obj
                0x00000000080009d8                HAL_I2C_Init
 .text.HAL_I2C_Master_Transmit
                0x0000000008000b04      0x228 CMakeFiles/Temperature_monitor.elf.dir/Drivers/STM32F0xx_HAL_Driver/Src/stm32f0xx_hal_i2c.c.obj
                0x0000000008000b04                HAL_I2C_Master_Transmit
 .text.HAL_I2C_Master_Receive
                0x0000000008000d2c      0x228 CMakeFiles/Temperature_monitor.elf.dir/Drivers/STM32F0xx_HAL_Driver/Src/stm32f0xx_hal_i2c.c.obj
                0x0000000008000d2c                HAL_I2C_Master_Receive
 .text.I2C_Flush_TXDR
                0x0000000008000f54       0x44 CMakeFiles/Temperature_monitor.elf.dir/Drivers/STM32F0xx_HAL_Driver/Src/stm32f0xx_hal_i2c.c.obj
 .text.I2C_WaitOnFlagUntilTimeout
                0x0000000008000f98       0x72 CMakeFiles/Temperature_monitor.elf.dir/Drivers/STM32F0xx_HAL_Driver/Src/stm32f0xx_hal_i2c.c.obj
 .text.I2C_WaitOnTXISFlagUntilTimeout
                0x000000000800100a       0x7e CMakeFiles/Temperature_monitor.elf.dir/Drivers/STM32F0xx_HAL_Driver/Src/stm32f0xx_hal_i2c.c.obj
 .text.I2C_WaitOnSTOPFlagUntilTimeout
                0x0000000008001088       0x78 CMakeFiles/Temperature_monitor.elf.dir/Drivers/STM32F0xx_HAL_Driver/Src/stm32f0xx_hal_i2c.c.obj
 .text.I2C_WaitOnRXNEFlagUntilTimeout
                0x0000000008001100       0xbc CMakeFiles/Temperature_monitor.elf.dir/Drivers/STM32F0xx_HAL_Driver/Src/stm32f0xx_hal_i2c.c.obj
 .text.I2C_IsAcknowledgeFailed
                0x00000000080011bc       0xbc CMakeFiles/Temperature_monitor.elf.dir/Drivers/STM32F0xx_HAL_Driver/Src/stm32f0xx_hal_i2c.c.obj
 .text.I2C_TransferConfig
                0x0000000008001278       0x6c CMakeFiles/Temperature_monitor.elf.dir/Drivers/STM32F0xx_HAL_Driver/Src/stm32f0xx_hal_i2c.c.obj
 .text.HAL_I2CEx_ConfigAnalogFilter
                0x00000000080012e4       0x98 CMakeFiles/Temperature_monitor.elf.dir/Drivers/STM32F0xx_HAL_Driver/Src/stm32f0xx_hal_i2c_ex.c.obj
                0x00000000080012e4                HAL_I2CEx_ConfigAnalogFilter
 .text.HAL_I2CEx_ConfigDigitalFilter
                0x000000000800137c       0x9c CMakeFiles/Temperature_monitor.elf.dir/Drivers/STM32F0xx_HAL_Driver/Src/stm32f0xx_hal_i2c_ex.c.obj
                0x000000000800137c                HAL_I2CEx_ConfigDigitalFilter
 .text.HAL_IWDG_Init
                0x0000000008001418       0x94 CMakeFiles/Temperature_monitor.elf.dir/Drivers/STM32F0xx_HAL_Driver/Src/stm32f0xx_hal_iwdg.c.obj
                0x0000000008001418                HAL_IWDG_Init
 .text.HAL_IWDG_Refresh
                0x00000000080014ac       0x20 CMakeFiles/Temperature_monitor.elf.dir/Drivers/STM32F0xx_HAL_Driver/Src/stm32f0xx_hal_iwdg.c.obj
                0x00000000080014ac                HAL_IWDG_Refresh
 .text.HAL_RCC_OscConfig
                0x00000000080014cc      0x6bc CMakeFiles/Temperature_monitor.elf.dir/Drivers/STM32F0xx_HAL_Driver/Src/stm32f0xx_hal_rcc.c.obj
                0x00000000080014cc                HAL_RCC_OscConfig
 .text.HAL_RCC_ClockConfig
                0x0000000008001b88      0x214 CMakeFiles/Temperature_monitor.elf.dir/Drivers/STM32F0xx_HAL_Driver/Src/stm32f0xx_hal_rcc.c.obj
                0x0000000008001b88                HAL_RCC_ClockConfig
 .text.HAL_RCC_GetSysClockFreq
                0x0000000008001d9c      0x100 CMakeFiles/Temperature_monitor.elf.dir/Drivers/STM32F0xx_HAL_Driver/Src/stm32f0xx_hal_rcc.c.obj
                0x0000000008001d9c                HAL_RCC_GetSysClockFreq
 .text.HAL_RCC_GetHCLKFreq
                0x0000000008001e9c       0x14 CMakeFiles/Temperature_monitor.elf.dir/Drivers/STM32F0xx_HAL_Driver/Src/stm32f0xx_hal_rcc.c.obj
                0x0000000008001e9c                HAL_RCC_GetHCLKFreq
 .text.HAL_RCCEx_PeriphCLKConfig
                0x0000000008001eb0      0x1fc CMakeFiles/Temperature_monitor.elf.dir/Drivers/STM32F0xx_HAL_Driver/Src/stm32f0xx_hal_rcc_ex.c.obj
                0x0000000008001eb0                HAL_RCCEx_PeriphCLKConfig
 .text.KIMaip_Send_Bool
                0x00000000080020ac       0x70 CMakeFiles/Temperature_monitor.elf.dir/Src/KIMaip.c.obj
                0x00000000080020ac                KIMaip_Send_Bool
 .text.KIMaip_Send_Float
                0x000000000800211c       0x84 CMakeFiles/Temperature_monitor.elf.dir/Src/KIMaip.c.obj
                0x000000000800211c                KIMaip_Send_Float
 .text.KIMaip_Handle_Interrupt
                0x00000000080021a0       0xec CMakeFiles/Temperature_monitor.elf.dir/Src/KIMaip.c.obj
                0x00000000080021a0                KIMaip_Handle_Interrupt
 .text.parse_bool
                0x000000000800228c       0x36 CMakeFiles/Temperature_monitor.elf.dir/Src/KIMaip.c.obj
                0x000000000800228c                parse_bool
 .text.parse_float
                0x00000000080022c2       0x5a CMakeFiles/Temperature_monitor.elf.dir/Src/KIMaip.c.obj
                0x00000000080022c2                parse_float
 .text.half2float
                0x000000000800231c       0x90 CMakeFiles/Temperature_monitor.elf.dir/Src/KIMaip.c.obj
                0x000000000800231c                half2float
 .text.spi_write
                0x00000000080023ac       0xd0 CMakeFiles/Temperature_monitor.elf.dir/Src/MAX31865.c.obj
                0x00000000080023ac                spi_write
 .text.spi_read
                0x000000000800247c       0xf4 CMakeFiles/Temperature_monitor.elf.dir/Src/MAX31865.c.obj
                0x000000000800247c                spi_read
 .text.MAX31865_read
                0x0000000008002570       0x6c CMakeFiles/Temperature_monitor.elf.dir/Src/MAX31865.c.obj
                0x0000000008002570                MAX31865_read
 .text.MAX31865_write
                0x00000000080025dc       0x6c CMakeFiles/Temperature_monitor.elf.dir/Src/MAX31865.c.obj
                0x00000000080025dc                MAX31865_write
 .text.enableBias
                0x0000000008002648       0x5c CMakeFiles/Temperature_monitor.elf.dir/Src/MAX31865.c.obj
                0x0000000008002648                enableBias
 .text.autoConvert
                0x00000000080026a4       0x5a CMakeFiles/Temperature_monitor.elf.dir/Src/MAX31865.c.obj
                0x00000000080026a4                autoConvert
 .text.setWires
                0x00000000080026fe       0x5a CMakeFiles/Temperature_monitor.elf.dir/Src/MAX31865.c.obj
                0x00000000080026fe                setWires
 .text.single_shot
                0x0000000008002758       0x34 CMakeFiles/Temperature_monitor.elf.dir/Src/MAX31865.c.obj
                0x0000000008002758                single_shot
 .text.MAX31865_init
                0x000000000800278c       0x74 CMakeFiles/Temperature_monitor.elf.dir/Src/MAX31865.c.obj
                0x000000000800278c                MAX31865_init
 .text.MAX31865_readTemp
                0x0000000008002800       0xcc CMakeFiles/Temperature_monitor.elf.dir/Src/MAX31865.c.obj
                0x0000000008002800                MAX31865_readTemp
 .text.main     0x00000000080028cc      0x324 CMakeFiles/Temperature_monitor.elf.dir/Src/main.c.obj
                0x00000000080028cc                main
 .text.SystemClock_Config
                0x0000000008002bf0       0xb4 CMakeFiles/Temperature_monitor.elf.dir/Src/main.c.obj
                0x0000000008002bf0                SystemClock_Config
 .text.MX_I2C1_Init
                0x0000000008002ca4       0x80 CMakeFiles/Temperature_monitor.elf.dir/Src/main.c.obj
 .text.MX_IWDG_Init
                0x0000000008002d24       0x40 CMakeFiles/Temperature_monitor.elf.dir/Src/main.c.obj
 .text.MX_GPIO_Init
                0x0000000008002d64      0x120 CMakeFiles/Temperature_monitor.elf.dir/Src/main.c.obj
 .text.HAL_GPIO_EXTI_Callback
                0x0000000008002e84       0x24 CMakeFiles/Temperature_monitor.elf.dir/Src/main.c.obj
                0x0000000008002e84                HAL_GPIO_EXTI_Callback
 .text.validate_pool_temp
                0x0000000008002ea8       0x70 CMakeFiles/Temperature_monitor.elf.dir/Src/main.c.obj
                0x0000000008002ea8                validate_pool_temp
 .text.Error_Handler
                0x0000000008002f18        0xa CMakeFiles/Temperature_monitor.elf.dir/Src/main.c.obj
                0x0000000008002f18                Error_Handler
 *fill*         0x0000000008002f22        0x2 
 .text.LCD_setRST
                0x0000000008002f24       0x28 CMakeFiles/Temperature_monitor.elf.dir/Src/nokia5110_LCD.c.obj
                0x0000000008002f24                LCD_setRST
 .text.LCD_setDC
                0x0000000008002f4c       0x28 CMakeFiles/Temperature_monitor.elf.dir/Src/nokia5110_LCD.c.obj
                0x0000000008002f4c                LCD_setDC
 .text.LCD_setDATA
                0x0000000008002f74       0x28 CMakeFiles/Temperature_monitor.elf.dir/Src/nokia5110_LCD.c.obj
                0x0000000008002f74                LCD_setDATA
 .text.LCD_setCLK
                0x0000000008002f9c       0x28 CMakeFiles/Temperature_monitor.elf.dir/Src/nokia5110_LCD.c.obj
                0x0000000008002f9c                LCD_setCLK
 .text.LCD_setCE
                0x0000000008002fc4       0x28 CMakeFiles/Temperature_monitor.elf.dir/Src/nokia5110_LCD.c.obj
                0x0000000008002fc4                LCD_setCE
 .text.LCD_send
                0x0000000008002fec       0xd4 CMakeFiles/Temperature_monitor.elf.dir/Src/nokia5110_LCD.c.obj
                0x0000000008002fec                LCD_send
 .text.LCD_write
                0x00000000080030c0       0x6c CMakeFiles/Temperature_monitor.elf.dir/Src/nokia5110_LCD.c.obj
                0x00000000080030c0                LCD_write
 .text.LCD_write_byte
                0x000000000800312c       0x28 CMakeFiles/Temperature_monitor.elf.dir/Src/nokia5110_LCD.c.obj
                0x000000000800312c                LCD_write_byte
 .text.LCD_init
                0x0000000008003154       0x74 CMakeFiles/Temperature_monitor.elf.dir/Src/nokia5110_LCD.c.obj
                0x0000000008003154                LCD_init
 .text.LCD_putChar
                0x00000000080031c8       0x3c CMakeFiles/Temperature_monitor.elf.dir/Src/nokia5110_LCD.c.obj
                0x00000000080031c8                LCD_putChar
 .text.LCD_print_large
                0x0000000008003204       0xb0 CMakeFiles/Temperature_monitor.elf.dir/Src/nokia5110_LCD.c.obj
                0x0000000008003204                LCD_print_large
 .text.LCD_print_float
                0x00000000080032b4       0x6c CMakeFiles/Temperature_monitor.elf.dir/Src/nokia5110_LCD.c.obj
                0x00000000080032b4                LCD_print_float
 .text.LCD_print
                0x0000000008003320       0x4a CMakeFiles/Temperature_monitor.elf.dir/Src/nokia5110_LCD.c.obj
                0x0000000008003320                LCD_print
 *fill*         0x000000000800336a        0x2 
 .text.LCD_clear
                0x000000000800336c       0x40 CMakeFiles/Temperature_monitor.elf.dir/Src/nokia5110_LCD.c.obj
                0x000000000800336c                LCD_clear
 .text.LCD_goXY
                0x00000000080033ac       0x40 CMakeFiles/Temperature_monitor.elf.dir/Src/nokia5110_LCD.c.obj
                0x00000000080033ac                LCD_goXY
 .text.HAL_MspInit
                0x00000000080033ec       0x48 CMakeFiles/Temperature_monitor.elf.dir/Src/stm32f0xx_hal_msp.c.obj
                0x00000000080033ec                HAL_MspInit
 .text.HAL_I2C_MspInit
                0x0000000008003434       0x9c CMakeFiles/Temperature_monitor.elf.dir/Src/stm32f0xx_hal_msp.c.obj
                0x0000000008003434                HAL_I2C_MspInit
 .text.NMI_Handler
                0x00000000080034d0        0xa CMakeFiles/Temperature_monitor.elf.dir/Src/stm32f0xx_it.c.obj
                0x00000000080034d0                NMI_Handler
 .text.HardFault_Handler
                0x00000000080034da        0x6 CMakeFiles/Temperature_monitor.elf.dir/Src/stm32f0xx_it.c.obj
                0x00000000080034da                HardFault_Handler
 .text.SVC_Handler
                0x00000000080034e0        0xa CMakeFiles/Temperature_monitor.elf.dir/Src/stm32f0xx_it.c.obj
                0x00000000080034e0                SVC_Handler
 .text.PendSV_Handler
                0x00000000080034ea        0xa CMakeFiles/Temperature_monitor.elf.dir/Src/stm32f0xx_it.c.obj
                0x00000000080034ea                PendSV_Handler
 .text.SysTick_Handler
                0x00000000080034f4        0xe CMakeFiles/Temperature_monitor.elf.dir/Src/stm32f0xx_it.c.obj
                0x00000000080034f4                SysTick_Handler
 .text.EXTI4_15_IRQHandler
                0x0000000008003502       0x14 CMakeFiles/Temperature_monitor.elf.dir/Src/stm32f0xx_it.c.obj
                0x0000000008003502                EXTI4_15_IRQHandler
 *fill*         0x0000000008003516        0x2 
 .text._sbrk    0x0000000008003518       0x58 CMakeFiles/Temperature_monitor.elf.dir/Src/syscalls.c.obj
                0x0000000008003518                _sbrk
 .text.SystemInit
                0x0000000008003570       0x88 CMakeFiles/Temperature_monitor.elf.dir/Src/system_stm32f0xx.c.obj
                0x0000000008003570                SystemInit
 .text.Reset_Handler
                0x00000000080035f8       0x50 CMakeFiles/Temperature_monitor.elf.dir/startup/startup_stm32f072xb.s.obj
                0x00000000080035f8                Reset_Handler
 .text.Default_Handler
                0x0000000008003648        0x2 CMakeFiles/Temperature_monitor.elf.dir/startup/startup_stm32f072xb.s.obj
                0x0000000008003648                TIM1_CC_IRQHandler
                0x0000000008003648                TSC_IRQHandler
                0x0000000008003648                ADC1_COMP_IRQHandler
                0x0000000008003648                I2C1_IRQHandler
                0x0000000008003648                RCC_CRS_IRQHandler
                0x0000000008003648                SPI1_IRQHandler
                0x0000000008003648                TIM6_DAC_IRQHandler
                0x0000000008003648                USART3_4_IRQHandler
                0x0000000008003648                EXTI2_3_IRQHandler
                0x0000000008003648                I2C2_IRQHandler
                0x0000000008003648                TIM17_IRQHandler
                0x0000000008003648                CEC_CAN_IRQHandler
                0x0000000008003648                RTC_IRQHandler
                0x0000000008003648                PVD_VDDIO2_IRQHandler
                0x0000000008003648                DMA1_Channel4_5_6_7_IRQHandler
                0x0000000008003648                TIM16_IRQHandler
                0x0000000008003648                TIM3_IRQHandler
                0x0000000008003648                DMA1_Channel1_IRQHandler
                0x0000000008003648                Default_Handler
                0x0000000008003648                TIM14_IRQHandler
                0x0000000008003648                TIM7_IRQHandler
                0x0000000008003648                TIM15_IRQHandler
                0x0000000008003648                EXTI0_1_IRQHandler
                0x0000000008003648                USB_IRQHandler
                0x0000000008003648                SPI2_IRQHandler
                0x0000000008003648                WWDG_IRQHandler
                0x0000000008003648                TIM2_IRQHandler
                0x0000000008003648                DMA1_Channel2_3_IRQHandler
                0x0000000008003648                USART2_IRQHandler
                0x0000000008003648                FLASH_IRQHandler
                0x0000000008003648                USART1_IRQHandler
                0x0000000008003648                TIM1_BRK_UP_TRG_COM_IRQHandler
 *fill*         0x000000000800364a        0x2 
 .text.__aeabi_fadd
                0x000000000800364c      0x2d0 /usr/lib/gcc/arm-none-eabi/9.2.0/thumb/v6-m/nofp/libgcc.a(addsf3.o)
                0x000000000800364c                __aeabi_fadd
 .text.__aeabi_fdiv
                0x000000000800391c      0x1c4 /usr/lib/gcc/arm-none-eabi/9.2.0/thumb/v6-m/nofp/libgcc.a(divsf3.o)
                0x000000000800391c                __aeabi_fdiv
 .text.__eqsf2  0x0000000008003ae0       0x48 /usr/lib/gcc/arm-none-eabi/9.2.0/thumb/v6-m/nofp/libgcc.a(eqsf2.o)
                0x0000000008003ae0                __nesf2
                0x0000000008003ae0                __eqsf2
 .text.__gesf2  0x0000000008003b28       0x7c /usr/lib/gcc/arm-none-eabi/9.2.0/thumb/v6-m/nofp/libgcc.a(gesf2.o)
                0x0000000008003b28                __gtsf2
                0x0000000008003b28                __gesf2
 .text.__lesf2  0x0000000008003ba4       0x7c /usr/lib/gcc/arm-none-eabi/9.2.0/thumb/v6-m/nofp/libgcc.a(lesf2.o)
                0x0000000008003ba4                __lesf2
                0x0000000008003ba4                __ltsf2
 .text.__aeabi_fmul
                0x0000000008003c20      0x1e0 /usr/lib/gcc/arm-none-eabi/9.2.0/thumb/v6-m/nofp/libgcc.a(mulsf3.o)
                0x0000000008003c20                __aeabi_fmul
 .text.__aeabi_fsub
                0x0000000008003e00      0x2f8 /usr/lib/gcc/arm-none-eabi/9.2.0/thumb/v6-m/nofp/libgcc.a(subsf3.o)
                0x0000000008003e00                __aeabi_fsub
 .text.__aeabi_ui2f
                0x00000000080040f8       0x74 /usr/lib/gcc/arm-none-eabi/9.2.0/thumb/v6-m/nofp/libgcc.a(floatunsisf.o)
                0x00000000080040f8                __aeabi_ui2f
 .text.__aeabi_ddiv
                0x000000000800416c      0x504 /usr/lib/gcc/arm-none-eabi/9.2.0/thumb/v6-m/nofp/libgcc.a(divdf3.o)
                0x000000000800416c                __aeabi_ddiv
 .text.__aeabi_dmul
                0x0000000008004670      0x440 /usr/lib/gcc/arm-none-eabi/9.2.0/thumb/v6-m/nofp/libgcc.a(muldf3.o)
                0x0000000008004670                __aeabi_dmul
 .text.__aeabi_i2d
                0x0000000008004ab0       0x58 /usr/lib/gcc/arm-none-eabi/9.2.0/thumb/v6-m/nofp/libgcc.a(floatsidf.o)
                0x0000000008004ab0                __aeabi_i2d
 .text.__aeabi_ui2d
                0x0000000008004b08       0x44 /usr/lib/gcc/arm-none-eabi/9.2.0/thumb/v6-m/nofp/libgcc.a(floatunsidf.o)
                0x0000000008004b08                __aeabi_ui2d
 .text.__aeabi_f2d
                0x0000000008004b4c       0x88 /usr/lib/gcc/arm-none-eabi/9.2.0/thumb/v6-m/nofp/libgcc.a(extendsfdf2.o)
                0x0000000008004b4c                __aeabi_f2d
 .text.__aeabi_d2f
                0x0000000008004bd4      0x10c /usr/lib/gcc/arm-none-eabi/9.2.0/thumb/v6-m/nofp/libgcc.a(truncdfsf2.o)
                0x0000000008004bd4                __aeabi_d2f
 .text.__errno  0x0000000008004ce0        0xc /usr/lib/gcc/arm-none-eabi/9.2.0/../../../../arm-none-eabi/lib/thumb/v6-m/nofp/libg_nano.a(lib_a-errno.o)
                0x0000000008004ce0                __errno
 .text.__libc_init_array
                0x0000000008004cec       0x48 /usr/lib/gcc/arm-none-eabi/9.2.0/../../../../arm-none-eabi/lib/thumb/v6-m/nofp/libg_nano.a(lib_a-init.o)
                0x0000000008004cec                __libc_init_array
 .text.memset   0x0000000008004d34       0x10 /usr/lib/gcc/arm-none-eabi/9.2.0/../../../../arm-none-eabi/lib/thumb/v6-m/nofp/libg_nano.a(lib_a-memset.o)
                0x0000000008004d34                memset
 .text.__cvt    0x0000000008004d44       0xc6 /usr/lib/gcc/arm-none-eabi/9.2.0/../../../../arm-none-eabi/lib/thumb/v6-m/nofp/libg_nano.a(lib_a-nano-vfprintf_float.o)
                0x0000000008004d44                __cvt
 .text.__exponent
                0x0000000008004e0a       0x8e /usr/lib/gcc/arm-none-eabi/9.2.0/../../../../arm-none-eabi/lib/thumb/v6-m/nofp/libg_nano.a(lib_a-nano-vfprintf_float.o)
                0x0000000008004e0a                __exponent
 .text._printf_float
                0x0000000008004e98      0x49c /usr/lib/gcc/arm-none-eabi/9.2.0/../../../../arm-none-eabi/lib/thumb/v6-m/nofp/libg_nano.a(lib_a-nano-vfprintf_float.o)
                0x0000000008004e98                _printf_float
 .text._printf_common
                0x0000000008005334       0xde /usr/lib/gcc/arm-none-eabi/9.2.0/../../../../arm-none-eabi/lib/thumb/v6-m/nofp/libg_nano.a(lib_a-nano-vfprintf_i.o)
                0x0000000008005334                _printf_common
 *fill*         0x0000000008005412        0x2 
 .text._printf_i
                0x0000000008005414      0x224 /usr/lib/gcc/arm-none-eabi/9.2.0/../../../../arm-none-eabi/lib/thumb/v6-m/nofp/libg_nano.a(lib_a-nano-vfprintf_i.o)
                0x0000000008005414                _printf_i
 .text.sprintf  0x0000000008005638       0x40 /usr/lib/gcc/arm-none-eabi/9.2.0/../../../../arm-none-eabi/lib/thumb/v6-m/nofp/libg_nano.a(lib_a-sprintf.o)
                0x0000000008005638                sprintf
                0x0000000008005638                siprintf
 .text.quorem   0x0000000008005678      0x116 /usr/lib/gcc/arm-none-eabi/9.2.0/../../../../arm-none-eabi/lib/thumb/v6-m/nofp/libg_nano.a(lib_a-dtoa.o)
 *fill*         0x000000000800578e        0x2 
 .text._dtoa_r  0x0000000008005790      0xbcc /usr/lib/gcc/arm-none-eabi/9.2.0/../../../../arm-none-eabi/lib/thumb/v6-m/nofp/libg_nano.a(lib_a-dtoa.o)
                0x0000000008005790                _dtoa_r
 .text._localeconv_r
                0x000000000800635c        0x8 /usr/lib/gcc/arm-none-eabi/9.2.0/../../../../arm-none-eabi/lib/thumb/v6-m/nofp/libg_nano.a(lib_a-localeconv.o)
                0x000000000800635c                _localeconv_r
 .text.__retarget_lock_acquire_recursive
                0x0000000008006364        0x2 /usr/lib/gcc/arm-none-eabi/9.2.0/../../../../arm-none-eabi/lib/thumb/v6-m/nofp/libg_nano.a(lib_a-lock.o)
                0x0000000008006364                __retarget_lock_acquire_recursive
 .text.__retarget_lock_release_recursive
                0x0000000008006366        0x2 /usr/lib/gcc/arm-none-eabi/9.2.0/../../../../arm-none-eabi/lib/thumb/v6-m/nofp/libg_nano.a(lib_a-lock.o)
                0x0000000008006366                __retarget_lock_release_recursive
 .text.malloc   0x0000000008006368       0x14 /usr/lib/gcc/arm-none-eabi/9.2.0/../../../../arm-none-eabi/lib/thumb/v6-m/nofp/libg_nano.a(lib_a-malloc.o)
                0x0000000008006368                malloc
 .text.__ascii_mbtowc
                0x000000000800637c       0x24 /usr/lib/gcc/arm-none-eabi/9.2.0/../../../../arm-none-eabi/lib/thumb/v6-m/nofp/libg_nano.a(lib_a-mbtowc_r.o)
                0x000000000800637c                __ascii_mbtowc
 .text.memchr   0x00000000080063a0       0x16 /usr/lib/gcc/arm-none-eabi/9.2.0/../../../../arm-none-eabi/lib/thumb/v6-m/nofp/libg_nano.a(lib_a-memchr-stub.o)
                0x00000000080063a0                memchr
 .text.memcpy   0x00000000080063b6       0x12 /usr/lib/gcc/arm-none-eabi/9.2.0/../../../../arm-none-eabi/lib/thumb/v6-m/nofp/libg_nano.a(lib_a-memcpy-stub.o)
                0x00000000080063b6                memcpy
 .text._Balloc  0x00000000080063c8       0x70 /usr/lib/gcc/arm-none-eabi/9.2.0/../../../../arm-none-eabi/lib/thumb/v6-m/nofp/libg_nano.a(lib_a-mprec.o)
                0x00000000080063c8                _Balloc
 .text._Bfree   0x0000000008006438       0x32 /usr/lib/gcc/arm-none-eabi/9.2.0/../../../../arm-none-eabi/lib/thumb/v6-m/nofp/libg_nano.a(lib_a-mprec.o)
                0x0000000008006438                _Bfree
 .text.__multadd
                0x000000000800646a       0x7c /usr/lib/gcc/arm-none-eabi/9.2.0/../../../../arm-none-eabi/lib/thumb/v6-m/nofp/libg_nano.a(lib_a-mprec.o)
                0x000000000800646a                __multadd
 .text.__hi0bits
                0x00000000080064e6       0x34 /usr/lib/gcc/arm-none-eabi/9.2.0/../../../../arm-none-eabi/lib/thumb/v6-m/nofp/libg_nano.a(lib_a-mprec.o)
                0x00000000080064e6                __hi0bits
 .text.__lo0bits
                0x000000000800651a       0x5c /usr/lib/gcc/arm-none-eabi/9.2.0/../../../../arm-none-eabi/lib/thumb/v6-m/nofp/libg_nano.a(lib_a-mprec.o)
                0x000000000800651a                __lo0bits
 .text.__i2b    0x0000000008006576       0x12 /usr/lib/gcc/arm-none-eabi/9.2.0/../../../../arm-none-eabi/lib/thumb/v6-m/nofp/libg_nano.a(lib_a-mprec.o)
                0x0000000008006576                __i2b
 .text.__multiply
                0x0000000008006588      0x146 /usr/lib/gcc/arm-none-eabi/9.2.0/../../../../arm-none-eabi/lib/thumb/v6-m/nofp/libg_nano.a(lib_a-mprec.o)
                0x0000000008006588                __multiply
 *fill*         0x00000000080066ce        0x2 
 .text.__pow5mult
                0x00000000080066d0       0xa0 /usr/lib/gcc/arm-none-eabi/9.2.0/../../../../arm-none-eabi/lib/thumb/v6-m/nofp/libg_nano.a(lib_a-mprec.o)
                0x00000000080066d0                __pow5mult
 .text.__lshift
                0x0000000008006770       0xc8 /usr/lib/gcc/arm-none-eabi/9.2.0/../../../../arm-none-eabi/lib/thumb/v6-m/nofp/libg_nano.a(lib_a-mprec.o)
                0x0000000008006770                __lshift
 .text.__mcmp   0x0000000008006838       0x36 /usr/lib/gcc/arm-none-eabi/9.2.0/../../../../arm-none-eabi/lib/thumb/v6-m/nofp/libg_nano.a(lib_a-mprec.o)
                0x0000000008006838                __mcmp
 .text.__mdiff  0x000000000800686e      0x106 /usr/lib/gcc/arm-none-eabi/9.2.0/../../../../arm-none-eabi/lib/thumb/v6-m/nofp/libg_nano.a(lib_a-mprec.o)
                0x000000000800686e                __mdiff
 .text.__d2b    0x0000000008006974       0xac /usr/lib/gcc/arm-none-eabi/9.2.0/../../../../arm-none-eabi/lib/thumb/v6-m/nofp/libg_nano.a(lib_a-mprec.o)
                0x0000000008006974                __d2b
 .text._calloc_r
                0x0000000008006a20       0x1c /usr/lib/gcc/arm-none-eabi/9.2.0/../../../../arm-none-eabi/lib/thumb/v6-m/nofp/libg_nano.a(lib_a-nano-callocr.o)
                0x0000000008006a20                _calloc_r
 .text._free_r  0x0000000008006a3c       0x94 /usr/lib/gcc/arm-none-eabi/9.2.0/../../../../arm-none-eabi/lib/thumb/v6-m/nofp/libg_nano.a(lib_a-nano-freer.o)
                0x0000000008006a3c                _free_r
 .text._malloc_r
                0x0000000008006ad0       0xbc /usr/lib/gcc/arm-none-eabi/9.2.0/../../../../arm-none-eabi/lib/thumb/v6-m/nofp/libg_nano.a(lib_a-nano-mallocr.o)
                0x0000000008006ad0                _malloc_r
 .text.__ssputs_r
                0x0000000008006b8c       0xc4 /usr/lib/gcc/arm-none-eabi/9.2.0/../../../../arm-none-eabi/lib/thumb/v6-m/nofp/libg_nano.a(lib_a-nano-svfprintf.o)
                0x0000000008006b8c                __ssputs_r
 .text._svfprintf_r
                0x0000000008006c50      0x200 /usr/lib/gcc/arm-none-eabi/9.2.0/../../../../arm-none-eabi/lib/thumb/v6-m/nofp/libg_nano.a(lib_a-nano-svfprintf.o)
                0x0000000008006c50                _svfprintf_r
                0x0000000008006c50                _svfiprintf_r
 .text._sbrk_r  0x0000000008006e50       0x24 /usr/lib/gcc/arm-none-eabi/9.2.0/../../../../arm-none-eabi/lib/thumb/v6-m/nofp/libg_nano.a(lib_a-sbrkr.o)
                0x0000000008006e50                _sbrk_r
 .text.__ascii_wctomb
                0x0000000008006e74       0x1a /usr/lib/gcc/arm-none-eabi/9.2.0/../../../../arm-none-eabi/lib/thumb/v6-m/nofp/libg_nano.a(lib_a-wctomb_r.o)
                0x0000000008006e74                __ascii_wctomb
 .text.memmove  0x0000000008006e8e       0x26 /usr/lib/gcc/arm-none-eabi/9.2.0/../../../../arm-none-eabi/lib/thumb/v6-m/nofp/libg_nano.a(lib_a-memmove.o)
                0x0000000008006e8e                memmove
 .text.__malloc_lock
                0x0000000008006eb4       0x10 /usr/lib/gcc/arm-none-eabi/9.2.0/../../../../arm-none-eabi/lib/thumb/v6-m/nofp/libg_nano.a(lib_a-mlock.o)
                0x0000000008006eb4                __malloc_lock
 .text.__malloc_unlock
                0x0000000008006ec4       0x10 /usr/lib/gcc/arm-none-eabi/9.2.0/../../../../arm-none-eabi/lib/thumb/v6-m/nofp/libg_nano.a(lib_a-mlock.o)
                0x0000000008006ec4                __malloc_unlock
 .text._realloc_r
                0x0000000008006ed4       0x4c /usr/lib/gcc/arm-none-eabi/9.2.0/../../../../arm-none-eabi/lib/thumb/v6-m/nofp/libg_nano.a(lib_a-nano-reallocr.o)
                0x0000000008006ed4                _realloc_r
 .text._malloc_usable_size_r
                0x0000000008006f20       0x10 /usr/lib/gcc/arm-none-eabi/9.2.0/../../../../arm-none-eabi/lib/thumb/v6-m/nofp/libg_nano.a(lib_a-nano-msizer.o)
                0x0000000008006f20                _malloc_usable_size_r
 .text.__aeabi_dadd
                0x0000000008006f30      0x5b4 /usr/lib/gcc/arm-none-eabi/9.2.0/thumb/v6-m/nofp/libgcc.a(adddf3.o)
                0x0000000008006f30                __aeabi_dadd
 .text.__eqdf2  0x00000000080074e4       0x74 /usr/lib/gcc/arm-none-eabi/9.2.0/thumb/v6-m/nofp/libgcc.a(eqdf2.o)
                0x00000000080074e4                __eqdf2
                0x00000000080074e4                __nedf2
 .text.__gedf2  0x0000000008007558       0xb8 /usr/lib/gcc/arm-none-eabi/9.2.0/thumb/v6-m/nofp/libgcc.a(gedf2.o)
                0x0000000008007558                __gtdf2
                0x0000000008007558                __gedf2
 .text.__ledf2  0x0000000008007610       0xb8 /usr/lib/gcc/arm-none-eabi/9.2.0/thumb/v6-m/nofp/libgcc.a(ledf2.o)
                0x0000000008007610                __ltdf2
                0x0000000008007610                __ledf2
 .text.__aeabi_dsub
                0x00000000080076c8      0x5bc /usr/lib/gcc/arm-none-eabi/9.2.0/thumb/v6-m/nofp/libgcc.a(subdf3.o)
                0x00000000080076c8                __aeabi_dsub
 .text.__aeabi_dcmpun
                0x0000000008007c84       0x38 /usr/lib/gcc/arm-none-eabi/9.2.0/thumb/v6-m/nofp/libgcc.a(unorddf2.o)
                0x0000000008007c84                __aeabi_dcmpun
 .text.__aeabi_d2iz
                0x0000000008007cbc       0x64 /usr/lib/gcc/arm-none-eabi/9.2.0/thumb/v6-m/nofp/libgcc.a(fixdfsi.o)
                0x0000000008007cbc                __aeabi_d2iz
 .text.pow      0x0000000008007d20      0x374 /usr/lib/gcc/arm-none-eabi/9.2.0/../../../../arm-none-eabi/lib/thumb/v6-m/nofp/libm.a(lib_a-w_pow.o)
                0x0000000008007d20                pow
 .text.__ieee754_pow
                0x0000000008008094      0xad8 /usr/lib/gcc/arm-none-eabi/9.2.0/../../../../arm-none-eabi/lib/thumb/v6-m/nofp/libm.a(lib_a-e_pow.o)
                0x0000000008008094                __ieee754_pow
 .text.__ieee754_sqrt
                0x0000000008008b6c      0x1b0 /usr/lib/gcc/arm-none-eabi/9.2.0/../../../../arm-none-eabi/lib/thumb/v6-m/nofp/libm.a(lib_a-e_sqrt.o)
                0x0000000008008b6c                __ieee754_sqrt
 .text.fabs     0x0000000008008d1c        0x8 /usr/lib/gcc/arm-none-eabi/9.2.0/../../../../arm-none-eabi/lib/thumb/v6-m/nofp/libm.a(lib_a-s_fabs.o)
                0x0000000008008d1c                fabs
 .text.finite   0x0000000008008d24       0x14 /usr/lib/gcc/arm-none-eabi/9.2.0/../../../../arm-none-eabi/lib/thumb/v6-m/nofp/libm.a(lib_a-s_finite.o)
                0x0000000008008d24                finite
 .text.matherr  0x0000000008008d38        0x4 /usr/lib/gcc/arm-none-eabi/9.2.0/../../../../arm-none-eabi/lib/thumb/v6-m/nofp/libm.a(lib_a-s_matherr.o)
                0x0000000008008d38                matherr
 .text.nan      0x0000000008008d3c        0xc /usr/lib/gcc/arm-none-eabi/9.2.0/../../../../arm-none-eabi/lib/thumb/v6-m/nofp/libm.a(lib_a-s_nan.o)
                0x0000000008008d3c                nan
 .text.rint     0x0000000008008d48      0x120 /usr/lib/gcc/arm-none-eabi/9.2.0/../../../../arm-none-eabi/lib/thumb/v6-m/nofp/libm.a(lib_a-s_rint.o)
                0x0000000008008d48                rint
 .text.scalbn   0x0000000008008e68       0xf8 /usr/lib/gcc/arm-none-eabi/9.2.0/../../../../arm-none-eabi/lib/thumb/v6-m/nofp/libm.a(lib_a-s_scalbn.o)
                0x0000000008008e68                scalbn
 *(.glue_7)
 .glue_7        0x0000000008008f60        0x0 linker stubs
 *(.glue_7t)
 .glue_7t       0x0000000008008f60        0x0 linker stubs
 *(.eh_frame)
 .eh_frame      0x0000000008008f60        0x0 /usr/lib/gcc/arm-none-eabi/9.2.0/thumb/v6-m/nofp/crtbegin.o
 *(.init)
 .init          0x0000000008008f60        0x4 /usr/lib/gcc/arm-none-eabi/9.2.0/thumb/v6-m/nofp/crti.o
                0x0000000008008f60                _init
 .init          0x0000000008008f64        0x8 /usr/lib/gcc/arm-none-eabi/9.2.0/thumb/v6-m/nofp/crtn.o
 *(.fini)
 .fini          0x0000000008008f6c        0x4 /usr/lib/gcc/arm-none-eabi/9.2.0/thumb/v6-m/nofp/crti.o
                0x0000000008008f6c                _fini
 .fini          0x0000000008008f70        0x8 /usr/lib/gcc/arm-none-eabi/9.2.0/thumb/v6-m/nofp/crtn.o
                0x0000000008008f78                . = ALIGN (0x4)
                0x0000000008008f78                _etext = .

.vfp11_veneer   0x0000000008008f78        0x0
 .vfp11_veneer  0x0000000008008f78        0x0 linker stubs

.v4_bx          0x0000000008008f78        0x0
 .v4_bx         0x0000000008008f78        0x0 linker stubs

.iplt           0x0000000008008f78        0x0
 .iplt          0x0000000008008f78        0x0 /usr/lib/gcc/arm-none-eabi/9.2.0/thumb/v6-m/nofp/crtbegin.o

.rodata         0x0000000008008f78      0x2b0
                0x0000000008008f78                . = ALIGN (0x4)
 *(.rodata)
 .rodata        0x0000000008008f78       0x20 CMakeFiles/Temperature_monitor.elf.dir/Drivers/STM32F0xx_HAL_Driver/Src/stm32f0xx_hal_rcc.c.obj
 .rodata        0x0000000008008f98        0xb CMakeFiles/Temperature_monitor.elf.dir/Src/nokia5110_LCD.c.obj
 *(.rodata*)
 *fill*         0x0000000008008fa3        0x1 
 .rodata.AHBPrescTable
                0x0000000008008fa4       0x10 CMakeFiles/Temperature_monitor.elf.dir/Src/system_stm32f0xx.c.obj
                0x0000000008008fa4                AHBPrescTable
 .rodata._printf_float.str1.1
                0x0000000008008fb4       0x12 /usr/lib/gcc/arm-none-eabi/9.2.0/../../../../arm-none-eabi/lib/thumb/v6-m/nofp/libg_nano.a(lib_a-nano-vfprintf_float.o)
 .rodata._printf_i.str1.1
                0x0000000008008fc6       0x22 /usr/lib/gcc/arm-none-eabi/9.2.0/../../../../arm-none-eabi/lib/thumb/v6-m/nofp/libg_nano.a(lib_a-nano-vfprintf_i.o)
 .rodata._dtoa_r.str1.1
                0x0000000008008fe8        0xd /usr/lib/gcc/arm-none-eabi/9.2.0/../../../../arm-none-eabi/lib/thumb/v6-m/nofp/libg_nano.a(lib_a-dtoa.o)
                                          0xf (size before relaxing)
 .rodata._setlocale_r.str1.1
                0x0000000008008ff5        0x8 /usr/lib/gcc/arm-none-eabi/9.2.0/../../../../arm-none-eabi/lib/thumb/v6-m/nofp/libg_nano.a(lib_a-locale.o)
                                          0x9 (size before relaxing)
 .rodata.str1.1
                0x0000000008008ffd        0x2 /usr/lib/gcc/arm-none-eabi/9.2.0/../../../../arm-none-eabi/lib/thumb/v6-m/nofp/libg_nano.a(lib_a-locale.o)
 *fill*         0x0000000008008fff        0x1 
 .rodata.__mprec_bigtens
                0x0000000008009000       0x28 /usr/lib/gcc/arm-none-eabi/9.2.0/../../../../arm-none-eabi/lib/thumb/v6-m/nofp/libg_nano.a(lib_a-mprec.o)
                0x0000000008009000                __mprec_bigtens
 .rodata.__mprec_tens
                0x0000000008009028       0xc8 /usr/lib/gcc/arm-none-eabi/9.2.0/../../../../arm-none-eabi/lib/thumb/v6-m/nofp/libg_nano.a(lib_a-mprec.o)
                0x0000000008009028                __mprec_tens
 .rodata.p05.6127
                0x00000000080090f0        0xc /usr/lib/gcc/arm-none-eabi/9.2.0/../../../../arm-none-eabi/lib/thumb/v6-m/nofp/libg_nano.a(lib_a-mprec.o)
 .rodata._svfprintf_r.str1.1
                0x00000000080090fc       0x11 /usr/lib/gcc/arm-none-eabi/9.2.0/../../../../arm-none-eabi/lib/thumb/v6-m/nofp/libg_nano.a(lib_a-nano-svfprintf.o)
 .rodata._ctype_
                0x000000000800910d      0x101 /usr/lib/gcc/arm-none-eabi/9.2.0/../../../../arm-none-eabi/lib/thumb/v6-m/nofp/libg_nano.a(lib_a-ctype_.o)
                0x000000000800910d                _ctype_
 *fill*         0x000000000800920e        0x2 
 .rodata.pow.str1.4
                0x0000000008009210        0x4 /usr/lib/gcc/arm-none-eabi/9.2.0/../../../../arm-none-eabi/lib/thumb/v6-m/nofp/libm.a(lib_a-w_pow.o)
 .rodata.__ieee754_pow.str1.4
                0x0000000008009214        0x1 /usr/lib/gcc/arm-none-eabi/9.2.0/../../../../arm-none-eabi/lib/thumb/v6-m/nofp/libm.a(lib_a-e_pow.o)
 *fill*         0x0000000008009215        0x3 
 .rodata.TWO52  0x0000000008009218       0x10 /usr/lib/gcc/arm-none-eabi/9.2.0/../../../../arm-none-eabi/lib/thumb/v6-m/nofp/libm.a(lib_a-s_rint.o)
                0x0000000008009228                . = ALIGN (0x4)

.rel.dyn        0x0000000008009228        0x0
 .rel.iplt      0x0000000008009228        0x0 /usr/lib/gcc/arm-none-eabi/9.2.0/thumb/v6-m/nofp/crtbegin.o

.ARM.extab
 *(.ARM.extab* .gnu.linkonce.armextab.*)

.ARM            0x0000000008009228        0x0
                0x0000000008009228                __exidx_start = .
 *(.ARM.exidx*)
                0x0000000008009228                __exidx_end = .

.preinit_array  0x0000000008009228        0x0
                0x0000000008009228                PROVIDE (__preinit_array_start = .)
 *(.preinit_array*)
                0x0000000008009228                PROVIDE (__preinit_array_end = .)

.init_array     0x0000000008009228        0x4
                0x0000000008009228                PROVIDE (__init_array_start = .)
 *(SORT_BY_NAME(.init_array.*))
 *(.init_array*)
 .init_array    0x0000000008009228        0x4 /usr/lib/gcc/arm-none-eabi/9.2.0/thumb/v6-m/nofp/crtbegin.o
                0x000000000800922c                PROVIDE (__init_array_end = .)

.fini_array     0x000000000800922c        0x4
                0x000000000800922c                PROVIDE (__fini_array_start = .)
 *(SORT_BY_NAME(.fini_array.*))
 *(.fini_array*)
 .fini_array    0x000000000800922c        0x4 /usr/lib/gcc/arm-none-eabi/9.2.0/thumb/v6-m/nofp/crtbegin.o
                0x0000000008009230                PROVIDE (__fini_array_end = .)
                0x0000000008009230                _sidata = LOADADDR (.data)

.data           0x0000000020000000      0xd80 load address 0x0000000008009230
                0x0000000020000000                . = ALIGN (0x4)
                0x0000000020000000                _sdata = .
 *(.data)
 *(.data*)
 .data.b_out1   0x0000000020000000        0xc CMakeFiles/Temperature_monitor.elf.dir/Src/main.c.obj
                0x0000000020000000                b_out1
 .data.b_out2   0x000000002000000c        0xc CMakeFiles/Temperature_monitor.elf.dir/Src/main.c.obj
                0x000000002000000c                b_out2
 .data.b_out3   0x0000000020000018        0xc CMakeFiles/Temperature_monitor.elf.dir/Src/main.c.obj
                0x0000000020000018                b_out3
 .data.illumination
                0x0000000020000024        0xc CMakeFiles/Temperature_monitor.elf.dir/Src/main.c.obj
                0x0000000020000024                illumination
 .data.objects  0x0000000020000030       0x14 CMakeFiles/Temperature_monitor.elf.dir/Src/main.c.obj
                0x0000000020000030                objects
 .data.object_count
                0x0000000020000044        0x1 CMakeFiles/Temperature_monitor.elf.dir/Src/main.c.obj
                0x0000000020000044                object_count
 *fill*         0x0000000020000045        0x3 
 .data.d_font_8x6
                0x0000000020000048      0x240 CMakeFiles/Temperature_monitor.elf.dir/Src/nokia5110_LCD.c.obj
 .data.d_font_32x16
                0x0000000020000288      0x910 CMakeFiles/Temperature_monitor.elf.dir/Src/nokia5110_LCD.c.obj
 .data.font_32x16
                0x0000000020000b98        0x8 CMakeFiles/Temperature_monitor.elf.dir/Src/nokia5110_LCD.c.obj
                0x0000000020000b98                font_32x16
 .data.font_8x6
                0x0000000020000ba0        0x8 CMakeFiles/Temperature_monitor.elf.dir/Src/nokia5110_LCD.c.obj
                0x0000000020000ba0                font_8x6
 .data.SystemCoreClock
                0x0000000020000ba8        0x4 CMakeFiles/Temperature_monitor.elf.dir/Src/system_stm32f0xx.c.obj
                0x0000000020000ba8                SystemCoreClock
 .data._impure_ptr
                0x0000000020000bac        0x4 /usr/lib/gcc/arm-none-eabi/9.2.0/../../../../arm-none-eabi/lib/thumb/v6-m/nofp/libg_nano.a(lib_a-impure.o)
                0x0000000020000bac                _impure_ptr
 .data.impure_data
                0x0000000020000bb0       0x60 /usr/lib/gcc/arm-none-eabi/9.2.0/../../../../arm-none-eabi/lib/thumb/v6-m/nofp/libg_nano.a(lib_a-impure.o)
 .data.__global_locale
                0x0000000020000c10      0x16c /usr/lib/gcc/arm-none-eabi/9.2.0/../../../../arm-none-eabi/lib/thumb/v6-m/nofp/libg_nano.a(lib_a-locale.o)
                0x0000000020000c10                __global_locale
 .data.__fdlib_version
                0x0000000020000d7c        0x1 /usr/lib/gcc/arm-none-eabi/9.2.0/../../../../arm-none-eabi/lib/thumb/v6-m/nofp/libm.a(lib_a-s_lib_ver.o)
                0x0000000020000d7c                __fdlib_version
                0x0000000020000d80                . = ALIGN (0x4)
 *fill*         0x0000000020000d7d        0x3 
                0x0000000020000d80                _edata = .

.igot.plt       0x0000000020000d80        0x0 load address 0x0000000008009fb0
 .igot.plt      0x0000000020000d80        0x0 /usr/lib/gcc/arm-none-eabi/9.2.0/thumb/v6-m/nofp/crtbegin.o
                0x0000000020000d80                . = ALIGN (0x4)

.bss            0x0000000020000d80       0xd8 load address 0x0000000008009fb0
                0x0000000020000d80                _sbss = .
                0x0000000020000d80                __bss_start__ = _sbss
 *(.bss)
 *(.bss*)
 .bss.completed.8891
                0x0000000020000d80        0x1 /usr/lib/gcc/arm-none-eabi/9.2.0/thumb/v6-m/nofp/crtbegin.o
 *fill*         0x0000000020000d81        0x3 
 .bss.object.8896
                0x0000000020000d84       0x18 /usr/lib/gcc/arm-none-eabi/9.2.0/thumb/v6-m/nofp/crtbegin.o
 .bss.uwTick    0x0000000020000d9c        0x4 CMakeFiles/Temperature_monitor.elf.dir/Drivers/STM32F0xx_HAL_Driver/Src/stm32f0xx_hal.c.obj
                0x0000000020000d9c                uwTick
 .bss.bytes     0x0000000020000da0        0x4 CMakeFiles/Temperature_monitor.elf.dir/Src/KIMaip.c.obj
                0x0000000020000da0                bytes
 .bss.gpio      0x0000000020000da4        0x4 CMakeFiles/Temperature_monitor.elf.dir/Src/MAX31865.c.obj
                0x0000000020000da4                gpio
 .bss.hi2c1     0x0000000020000da8       0x4c CMakeFiles/Temperature_monitor.elf.dir/Src/main.c.obj
                0x0000000020000da8                hi2c1
 .bss.hiwdg     0x0000000020000df4       0x10 CMakeFiles/Temperature_monitor.elf.dir/Src/main.c.obj
                0x0000000020000df4                hiwdg
 .bss.b_out0    0x0000000020000e04        0xc CMakeFiles/Temperature_monitor.elf.dir/Src/main.c.obj
                0x0000000020000e04                b_out0
 .bss.pool_too_hot.7343
                0x0000000020000e10        0x1 CMakeFiles/Temperature_monitor.elf.dir/Src/main.c.obj
 *fill*         0x0000000020000e11        0x3 
 .bss.lcd_gpio  0x0000000020000e14       0x28 CMakeFiles/Temperature_monitor.elf.dir/Src/nokia5110_LCD.c.obj
                0x0000000020000e14                lcd_gpio
 .bss.heap_end.6018
                0x0000000020000e3c        0x4 CMakeFiles/Temperature_monitor.elf.dir/Src/syscalls.c.obj
 .bss.__malloc_free_list
                0x0000000020000e40        0x4 /usr/lib/gcc/arm-none-eabi/9.2.0/../../../../arm-none-eabi/lib/thumb/v6-m/nofp/libg_nano.a(lib_a-nano-mallocr.o)
                0x0000000020000e40                __malloc_free_list
 .bss.__malloc_sbrk_start
                0x0000000020000e44        0x4 /usr/lib/gcc/arm-none-eabi/9.2.0/../../../../arm-none-eabi/lib/thumb/v6-m/nofp/libg_nano.a(lib_a-nano-mallocr.o)
                0x0000000020000e44                __malloc_sbrk_start
 *(COMMON)
 COMMON         0x0000000020000e48        0x9 /usr/lib/gcc/arm-none-eabi/9.2.0/../../../../arm-none-eabi/lib/thumb/v6-m/nofp/libg_nano.a(lib_a-lock.o)
                0x0000000020000e48                __lock___atexit_recursive_mutex
                0x0000000020000e49                __lock___arc4random_mutex
                0x0000000020000e4a                __lock___env_recursive_mutex
                0x0000000020000e4b                __lock___sinit_recursive_mutex
                0x0000000020000e4c                __lock___malloc_recursive_mutex
                0x0000000020000e4d                __lock___at_quick_exit_mutex
                0x0000000020000e4e                __lock___dd_hash_mutex
                0x0000000020000e4f                __lock___tz_mutex
                0x0000000020000e50                __lock___sfp_recursive_mutex
 *fill*         0x0000000020000e51        0x3 
 COMMON         0x0000000020000e54        0x4 /usr/lib/gcc/arm-none-eabi/9.2.0/../../../../arm-none-eabi/lib/thumb/v6-m/nofp/libg_nano.a(lib_a-reent.o)
                0x0000000020000e54                errno
                0x0000000020000e58                . = ALIGN (0x4)
                0x0000000020000e58                _ebss = .
                0x0000000020000e58                __bss_end__ = _ebss

._user_heap_stack
                0x0000000020000e58      0x600 load address 0x0000000008009fb0
                0x0000000020000e58                . = ALIGN (0x8)
                0x0000000020000e58                PROVIDE (end = .)
                [!provide]                        PROVIDE (_end = .)
                0x0000000020001058                . = (. + _Min_Heap_Size)
 *fill*         0x0000000020000e58      0x200 
                0x0000000020001458                . = (. + _Min_Stack_Size)
 *fill*         0x0000000020001058      0x400 
                0x0000000020001458                . = ALIGN (0x8)

/DISCARD/
 libc.a(*)
 libm.a(*)
 libgcc.a(*)

.ARM.attributes
                0x0000000000000000       0x28
 *(.ARM.attributes)
 .ARM.attributes
                0x0000000000000000       0x1e /usr/lib/gcc/arm-none-eabi/9.2.0/thumb/v6-m/nofp/crti.o
 .ARM.attributes
                0x000000000000001e       0x2c /usr/lib/gcc/arm-none-eabi/9.2.0/thumb/v6-m/nofp/crtbegin.o
 .ARM.attributes
                0x000000000000004a       0x2c CMakeFiles/Temperature_monitor.elf.dir/Drivers/STM32F0xx_HAL_Driver/Src/stm32f0xx_hal.c.obj
 .ARM.attributes
                0x0000000000000076       0x2c CMakeFiles/Temperature_monitor.elf.dir/Drivers/STM32F0xx_HAL_Driver/Src/stm32f0xx_hal_cortex.c.obj
 .ARM.attributes
                0x00000000000000a2       0x2c CMakeFiles/Temperature_monitor.elf.dir/Drivers/STM32F0xx_HAL_Driver/Src/stm32f0xx_hal_gpio.c.obj
 .ARM.attributes
                0x00000000000000ce       0x2c CMakeFiles/Temperature_monitor.elf.dir/Drivers/STM32F0xx_HAL_Driver/Src/stm32f0xx_hal_i2c.c.obj
 .ARM.attributes
                0x00000000000000fa       0x2c CMakeFiles/Temperature_monitor.elf.dir/Drivers/STM32F0xx_HAL_Driver/Src/stm32f0xx_hal_i2c_ex.c.obj
 .ARM.attributes
                0x0000000000000126       0x2c CMakeFiles/Temperature_monitor.elf.dir/Drivers/STM32F0xx_HAL_Driver/Src/stm32f0xx_hal_iwdg.c.obj
 .ARM.attributes
                0x0000000000000152       0x2c CMakeFiles/Temperature_monitor.elf.dir/Drivers/STM32F0xx_HAL_Driver/Src/stm32f0xx_hal_rcc.c.obj
 .ARM.attributes
                0x000000000000017e       0x2c CMakeFiles/Temperature_monitor.elf.dir/Drivers/STM32F0xx_HAL_Driver/Src/stm32f0xx_hal_rcc_ex.c.obj
 .ARM.attributes
                0x00000000000001aa       0x2c CMakeFiles/Temperature_monitor.elf.dir/Src/KIMaip.c.obj
 .ARM.attributes
                0x00000000000001d6       0x2c CMakeFiles/Temperature_monitor.elf.dir/Src/MAX31865.c.obj
 .ARM.attributes
                0x0000000000000202       0x2c CMakeFiles/Temperature_monitor.elf.dir/Src/main.c.obj
 .ARM.attributes
                0x000000000000022e       0x2c CMakeFiles/Temperature_monitor.elf.dir/Src/nokia5110_LCD.c.obj
 .ARM.attributes
                0x000000000000025a       0x2c CMakeFiles/Temperature_monitor.elf.dir/Src/stm32f0xx_hal_msp.c.obj
 .ARM.attributes
                0x0000000000000286       0x2c CMakeFiles/Temperature_monitor.elf.dir/Src/stm32f0xx_it.c.obj
 .ARM.attributes
                0x00000000000002b2       0x2c CMakeFiles/Temperature_monitor.elf.dir/Src/syscalls.c.obj
 .ARM.attributes
                0x00000000000002de       0x2c CMakeFiles/Temperature_monitor.elf.dir/Src/system_stm32f0xx.c.obj
 .ARM.attributes
                0x000000000000030a       0x21 CMakeFiles/Temperature_monitor.elf.dir/startup/startup_stm32f072xb.s.obj
 .ARM.attributes
                0x000000000000032b       0x1e /usr/lib/gcc/arm-none-eabi/9.2.0/thumb/v6-m/nofp/libgcc.a(_udivsi3.o)
 .ARM.attributes
                0x0000000000000349       0x1e /usr/lib/gcc/arm-none-eabi/9.2.0/thumb/v6-m/nofp/libgcc.a(_dvmd_tls.o)
 .ARM.attributes
                0x0000000000000367       0x1e /usr/lib/gcc/arm-none-eabi/9.2.0/thumb/v6-m/nofp/libgcc.a(_arm_cmpsf2.o)
 .ARM.attributes
                0x0000000000000385       0x2c /usr/lib/gcc/arm-none-eabi/9.2.0/thumb/v6-m/nofp/libgcc.a(addsf3.o)
 .ARM.attributes
                0x00000000000003b1       0x2c /usr/lib/gcc/arm-none-eabi/9.2.0/thumb/v6-m/nofp/libgcc.a(divsf3.o)
 .ARM.attributes
                0x00000000000003dd       0x2c /usr/lib/gcc/arm-none-eabi/9.2.0/thumb/v6-m/nofp/libgcc.a(eqsf2.o)
 .ARM.attributes
                0x0000000000000409       0x2c /usr/lib/gcc/arm-none-eabi/9.2.0/thumb/v6-m/nofp/libgcc.a(gesf2.o)
 .ARM.attributes
                0x0000000000000435       0x2c /usr/lib/gcc/arm-none-eabi/9.2.0/thumb/v6-m/nofp/libgcc.a(lesf2.o)
 .ARM.attributes
                0x0000000000000461       0x2c /usr/lib/gcc/arm-none-eabi/9.2.0/thumb/v6-m/nofp/libgcc.a(mulsf3.o)
 .ARM.attributes
                0x000000000000048d       0x2c /usr/lib/gcc/arm-none-eabi/9.2.0/thumb/v6-m/nofp/libgcc.a(subsf3.o)
 .ARM.attributes
                0x00000000000004b9       0x2c /usr/lib/gcc/arm-none-eabi/9.2.0/thumb/v6-m/nofp/libgcc.a(floatunsisf.o)
 .ARM.attributes
                0x00000000000004e5       0x2c /usr/lib/gcc/arm-none-eabi/9.2.0/thumb/v6-m/nofp/libgcc.a(divdf3.o)
 .ARM.attributes
                0x0000000000000511       0x2c /usr/lib/gcc/arm-none-eabi/9.2.0/thumb/v6-m/nofp/libgcc.a(muldf3.o)
 .ARM.attributes
                0x000000000000053d       0x2c /usr/lib/gcc/arm-none-eabi/9.2.0/thumb/v6-m/nofp/libgcc.a(floatsidf.o)
 .ARM.attributes
                0x0000000000000569       0x2c /usr/lib/gcc/arm-none-eabi/9.2.0/thumb/v6-m/nofp/libgcc.a(floatunsidf.o)
 .ARM.attributes
                0x0000000000000595       0x2c /usr/lib/gcc/arm-none-eabi/9.2.0/thumb/v6-m/nofp/libgcc.a(extendsfdf2.o)
 .ARM.attributes
                0x00000000000005c1       0x2c /usr/lib/gcc/arm-none-eabi/9.2.0/thumb/v6-m/nofp/libgcc.a(truncdfsf2.o)
 .ARM.attributes
                0x00000000000005ed       0x1e /usr/lib/gcc/arm-none-eabi/9.2.0/thumb/v6-m/nofp/libgcc.a(_thumb1_case_uqi.o)
 .ARM.attributes
                0x000000000000060b       0x1e /usr/lib/gcc/arm-none-eabi/9.2.0/thumb/v6-m/nofp/libgcc.a(_thumb1_case_uhi.o)
 .ARM.attributes
                0x0000000000000629       0x1e /usr/lib/gcc/arm-none-eabi/9.2.0/thumb/v6-m/nofp/libgcc.a(_clzsi2.o)
 .ARM.attributes
                0x0000000000000647       0x2c /usr/lib/gcc/arm-none-eabi/9.2.0/../../../../arm-none-eabi/lib/thumb/v6-m/nofp/libg_nano.a(lib_a-errno.o)
 .ARM.attributes
                0x0000000000000673       0x2c /usr/lib/gcc/arm-none-eabi/9.2.0/../../../../arm-none-eabi/lib/thumb/v6-m/nofp/libg_nano.a(lib_a-impure.o)
 .ARM.attributes
                0x000000000000069f       0x2c /usr/lib/gcc/arm-none-eabi/9.2.0/../../../../arm-none-eabi/lib/thumb/v6-m/nofp/libg_nano.a(lib_a-init.o)
 .ARM.attributes
                0x00000000000006cb       0x2c /usr/lib/gcc/arm-none-eabi/9.2.0/../../../../arm-none-eabi/lib/thumb/v6-m/nofp/libg_nano.a(lib_a-memset.o)
 .ARM.attributes
                0x00000000000006f7       0x2c /usr/lib/gcc/arm-none-eabi/9.2.0/../../../../arm-none-eabi/lib/thumb/v6-m/nofp/libg_nano.a(lib_a-nano-vfprintf_float.o)
 .ARM.attributes
                0x0000000000000723       0x2c /usr/lib/gcc/arm-none-eabi/9.2.0/../../../../arm-none-eabi/lib/thumb/v6-m/nofp/libg_nano.a(lib_a-nano-vfprintf_i.o)
 .ARM.attributes
                0x000000000000074f       0x2c /usr/lib/gcc/arm-none-eabi/9.2.0/../../../../arm-none-eabi/lib/thumb/v6-m/nofp/libg_nano.a(lib_a-sprintf.o)
 .ARM.attributes
                0x000000000000077b       0x1c /usr/lib/gcc/arm-none-eabi/9.2.0/../../../../arm-none-eabi/lib/thumb/v6-m/nofp/libg_nano.a(lib_a-strlen.o)
 .ARM.attributes
                0x0000000000000797       0x2c /usr/lib/gcc/arm-none-eabi/9.2.0/../../../../arm-none-eabi/lib/thumb/v6-m/nofp/libg_nano.a(lib_a-dtoa.o)
 .ARM.attributes
                0x00000000000007c3       0x2c /usr/lib/gcc/arm-none-eabi/9.2.0/../../../../arm-none-eabi/lib/thumb/v6-m/nofp/libg_nano.a(lib_a-localeconv.o)
 .ARM.attributes
                0x00000000000007ef       0x2c /usr/lib/gcc/arm-none-eabi/9.2.0/../../../../arm-none-eabi/lib/thumb/v6-m/nofp/libg_nano.a(lib_a-locale.o)
 .ARM.attributes
                0x000000000000081b       0x2c /usr/lib/gcc/arm-none-eabi/9.2.0/../../../../arm-none-eabi/lib/thumb/v6-m/nofp/libg_nano.a(lib_a-lock.o)
 .ARM.attributes
                0x0000000000000847       0x2c /usr/lib/gcc/arm-none-eabi/9.2.0/../../../../arm-none-eabi/lib/thumb/v6-m/nofp/libg_nano.a(lib_a-malloc.o)
 .ARM.attributes
                0x0000000000000873       0x2c /usr/lib/gcc/arm-none-eabi/9.2.0/../../../../arm-none-eabi/lib/thumb/v6-m/nofp/libg_nano.a(lib_a-mbtowc_r.o)
 .ARM.attributes
                0x000000000000089f       0x2c /usr/lib/gcc/arm-none-eabi/9.2.0/../../../../arm-none-eabi/lib/thumb/v6-m/nofp/libg_nano.a(lib_a-memchr-stub.o)
 .ARM.attributes
                0x00000000000008cb       0x2c /usr/lib/gcc/arm-none-eabi/9.2.0/../../../../arm-none-eabi/lib/thumb/v6-m/nofp/libg_nano.a(lib_a-memcpy-stub.o)
 .ARM.attributes
                0x00000000000008f7       0x2c /usr/lib/gcc/arm-none-eabi/9.2.0/../../../../arm-none-eabi/lib/thumb/v6-m/nofp/libg_nano.a(lib_a-mprec.o)
 .ARM.attributes
                0x0000000000000923       0x2c /usr/lib/gcc/arm-none-eabi/9.2.0/../../../../arm-none-eabi/lib/thumb/v6-m/nofp/libg_nano.a(lib_a-nano-callocr.o)
 .ARM.attributes
                0x000000000000094f       0x2c /usr/lib/gcc/arm-none-eabi/9.2.0/../../../../arm-none-eabi/lib/thumb/v6-m/nofp/libg_nano.a(lib_a-nano-freer.o)
 .ARM.attributes
                0x000000000000097b       0x2c /usr/lib/gcc/arm-none-eabi/9.2.0/../../../../arm-none-eabi/lib/thumb/v6-m/nofp/libg_nano.a(lib_a-nano-mallocr.o)
 .ARM.attributes
                0x00000000000009a7       0x2c /usr/lib/gcc/arm-none-eabi/9.2.0/../../../../arm-none-eabi/lib/thumb/v6-m/nofp/libg_nano.a(lib_a-nano-svfprintf.o)
 .ARM.attributes
                0x00000000000009d3       0x2c /usr/lib/gcc/arm-none-eabi/9.2.0/../../../../arm-none-eabi/lib/thumb/v6-m/nofp/libg_nano.a(lib_a-sbrkr.o)
 .ARM.attributes
                0x00000000000009ff       0x2c /usr/lib/gcc/arm-none-eabi/9.2.0/../../../../arm-none-eabi/lib/thumb/v6-m/nofp/libg_nano.a(lib_a-wctomb_r.o)
 .ARM.attributes
                0x0000000000000a2b       0x2c /usr/lib/gcc/arm-none-eabi/9.2.0/../../../../arm-none-eabi/lib/thumb/v6-m/nofp/libg_nano.a(lib_a-ctype_.o)
 .ARM.attributes
                0x0000000000000a57       0x2c /usr/lib/gcc/arm-none-eabi/9.2.0/../../../../arm-none-eabi/lib/thumb/v6-m/nofp/libg_nano.a(lib_a-memmove.o)
 .ARM.attributes
                0x0000000000000a83       0x2c /usr/lib/gcc/arm-none-eabi/9.2.0/../../../../arm-none-eabi/lib/thumb/v6-m/nofp/libg_nano.a(lib_a-mlock.o)
 .ARM.attributes
                0x0000000000000aaf       0x2c /usr/lib/gcc/arm-none-eabi/9.2.0/../../../../arm-none-eabi/lib/thumb/v6-m/nofp/libg_nano.a(lib_a-nano-reallocr.o)
 .ARM.attributes
                0x0000000000000adb       0x2c /usr/lib/gcc/arm-none-eabi/9.2.0/../../../../arm-none-eabi/lib/thumb/v6-m/nofp/libg_nano.a(lib_a-reent.o)
 .ARM.attributes
                0x0000000000000b07       0x2c /usr/lib/gcc/arm-none-eabi/9.2.0/../../../../arm-none-eabi/lib/thumb/v6-m/nofp/libg_nano.a(lib_a-nano-msizer.o)
 .ARM.attributes
                0x0000000000000b33       0x1e /usr/lib/gcc/arm-none-eabi/9.2.0/thumb/v6-m/nofp/libgcc.a(_thumb1_case_shi.o)
 .ARM.attributes
                0x0000000000000b51       0x1e /usr/lib/gcc/arm-none-eabi/9.2.0/thumb/v6-m/nofp/libgcc.a(_divsi3.o)
 .ARM.attributes
                0x0000000000000b6f       0x1e /usr/lib/gcc/arm-none-eabi/9.2.0/thumb/v6-m/nofp/libgcc.a(_arm_cmpdf2.o)
 .ARM.attributes
                0x0000000000000b8d       0x2c /usr/lib/gcc/arm-none-eabi/9.2.0/thumb/v6-m/nofp/libgcc.a(adddf3.o)
 .ARM.attributes
                0x0000000000000bb9       0x2c /usr/lib/gcc/arm-none-eabi/9.2.0/thumb/v6-m/nofp/libgcc.a(eqdf2.o)
 .ARM.attributes
                0x0000000000000be5       0x2c /usr/lib/gcc/arm-none-eabi/9.2.0/thumb/v6-m/nofp/libgcc.a(gedf2.o)
 .ARM.attributes
                0x0000000000000c11       0x2c /usr/lib/gcc/arm-none-eabi/9.2.0/thumb/v6-m/nofp/libgcc.a(ledf2.o)
 .ARM.attributes
                0x0000000000000c3d       0x2c /usr/lib/gcc/arm-none-eabi/9.2.0/thumb/v6-m/nofp/libgcc.a(subdf3.o)
 .ARM.attributes
                0x0000000000000c69       0x2c /usr/lib/gcc/arm-none-eabi/9.2.0/thumb/v6-m/nofp/libgcc.a(unorddf2.o)
 .ARM.attributes
                0x0000000000000c95       0x2c /usr/lib/gcc/arm-none-eabi/9.2.0/thumb/v6-m/nofp/libgcc.a(fixdfsi.o)
 .ARM.attributes
                0x0000000000000cc1       0x1e /usr/lib/gcc/arm-none-eabi/9.2.0/thumb/v6-m/nofp/crtn.o
OUTPUT(Temperature_monitor.elf elf32-littlearm)
LOAD linker stubs
LOAD /usr/lib/gcc/arm-none-eabi/9.2.0/../../../../arm-none-eabi/lib/thumb/v6-m/nofp/libc.a
LOAD /usr/lib/gcc/arm-none-eabi/9.2.0/../../../../arm-none-eabi/lib/thumb/v6-m/nofp/libm.a
LOAD /usr/lib/gcc/arm-none-eabi/9.2.0/thumb/v6-m/nofp/libgcc.a

.debug_info     0x0000000000000000    0x11048
 .debug_info    0x0000000000000000      0xec2 CMakeFiles/Temperature_monitor.elf.dir/Drivers/STM32F0xx_HAL_Driver/Src/stm32f0xx_hal.c.obj
 .debug_info    0x0000000000000ec2     0x1014 CMakeFiles/Temperature_monitor.elf.dir/Drivers/STM32F0xx_HAL_Driver/Src/stm32f0xx_hal_cortex.c.obj
 .debug_info    0x0000000000001ed6      0xf36 CMakeFiles/Temperature_monitor.elf.dir/Drivers/STM32F0xx_HAL_Driver/Src/stm32f0xx_hal_gpio.c.obj
 .debug_info    0x0000000000002e0c     0x25d2 CMakeFiles/Temperature_monitor.elf.dir/Drivers/STM32F0xx_HAL_Driver/Src/stm32f0xx_hal_i2c.c.obj
 .debug_info    0x00000000000053de     0x118c CMakeFiles/Temperature_monitor.elf.dir/Drivers/STM32F0xx_HAL_Driver/Src/stm32f0xx_hal_i2c_ex.c.obj
 .debug_info    0x000000000000656a      0xb17 CMakeFiles/Temperature_monitor.elf.dir/Drivers/STM32F0xx_HAL_Driver/Src/stm32f0xx_hal_iwdg.c.obj
 .debug_info    0x0000000000007081     0x10a7 CMakeFiles/Temperature_monitor.elf.dir/Drivers/STM32F0xx_HAL_Driver/Src/stm32f0xx_hal_rcc.c.obj
 .debug_info    0x0000000000008128      0xf17 CMakeFiles/Temperature_monitor.elf.dir/Drivers/STM32F0xx_HAL_Driver/Src/stm32f0xx_hal_rcc_ex.c.obj
 .debug_info    0x000000000000903f     0x11f2 CMakeFiles/Temperature_monitor.elf.dir/Src/KIMaip.c.obj
 .debug_info    0x000000000000a231      0xdc4 CMakeFiles/Temperature_monitor.elf.dir/Src/MAX31865.c.obj
 .debug_info    0x000000000000aff5     0x1955 CMakeFiles/Temperature_monitor.elf.dir/Src/main.c.obj
 .debug_info    0x000000000000c94a     0x1019 CMakeFiles/Temperature_monitor.elf.dir/Src/nokia5110_LCD.c.obj
 .debug_info    0x000000000000d963     0x11bc CMakeFiles/Temperature_monitor.elf.dir/Src/stm32f0xx_hal_msp.c.obj
 .debug_info    0x000000000000eb1f      0xa15 CMakeFiles/Temperature_monitor.elf.dir/Src/stm32f0xx_it.c.obj
 .debug_info    0x000000000000f534     0x100f CMakeFiles/Temperature_monitor.elf.dir/Src/syscalls.c.obj
 .debug_info    0x0000000000010543      0xb05 CMakeFiles/Temperature_monitor.elf.dir/Src/system_stm32f0xx.c.obj

.debug_abbrev   0x0000000000000000     0x279b
 .debug_abbrev  0x0000000000000000      0x29e CMakeFiles/Temperature_monitor.elf.dir/Drivers/STM32F0xx_HAL_Driver/Src/stm32f0xx_hal.c.obj
 .debug_abbrev  0x000000000000029e      0x357 CMakeFiles/Temperature_monitor.elf.dir/Drivers/STM32F0xx_HAL_Driver/Src/stm32f0xx_hal_cortex.c.obj
 .debug_abbrev  0x00000000000005f5      0x282 CMakeFiles/Temperature_monitor.elf.dir/Drivers/STM32F0xx_HAL_Driver/Src/stm32f0xx_hal_gpio.c.obj
 .debug_abbrev  0x0000000000000877      0x2e1 CMakeFiles/Temperature_monitor.elf.dir/Drivers/STM32F0xx_HAL_Driver/Src/stm32f0xx_hal_i2c.c.obj
 .debug_abbrev  0x0000000000000b58      0x24c CMakeFiles/Temperature_monitor.elf.dir/Drivers/STM32F0xx_HAL_Driver/Src/stm32f0xx_hal_i2c_ex.c.obj
 .debug_abbrev  0x0000000000000da4      0x20e CMakeFiles/Temperature_monitor.elf.dir/Drivers/STM32F0xx_HAL_Driver/Src/stm32f0xx_hal_iwdg.c.obj
 .debug_abbrev  0x0000000000000fb2      0x2b9 CMakeFiles/Temperature_monitor.elf.dir/Drivers/STM32F0xx_HAL_Driver/Src/stm32f0xx_hal_rcc.c.obj
 .debug_abbrev  0x000000000000126b      0x28b CMakeFiles/Temperature_monitor.elf.dir/Drivers/STM32F0xx_HAL_Driver/Src/stm32f0xx_hal_rcc_ex.c.obj
 .debug_abbrev  0x00000000000014f6      0x298 CMakeFiles/Temperature_monitor.elf.dir/Src/KIMaip.c.obj
 .debug_abbrev  0x000000000000178e      0x23f CMakeFiles/Temperature_monitor.elf.dir/Src/MAX31865.c.obj
 .debug_abbrev  0x00000000000019cd      0x2db CMakeFiles/Temperature_monitor.elf.dir/Src/main.c.obj
 .debug_abbrev  0x0000000000001ca8      0x296 CMakeFiles/Temperature_monitor.elf.dir/Src/nokia5110_LCD.c.obj
 .debug_abbrev  0x0000000000001f3e      0x215 CMakeFiles/Temperature_monitor.elf.dir/Src/stm32f0xx_hal_msp.c.obj
 .debug_abbrev  0x0000000000002153      0x1ab CMakeFiles/Temperature_monitor.elf.dir/Src/stm32f0xx_it.c.obj
 .debug_abbrev  0x00000000000022fe      0x2a9 CMakeFiles/Temperature_monitor.elf.dir/Src/syscalls.c.obj
 .debug_abbrev  0x00000000000025a7      0x1f4 CMakeFiles/Temperature_monitor.elf.dir/Src/system_stm32f0xx.c.obj

.debug_aranges  0x0000000000000000      0x888
 .debug_aranges
                0x0000000000000000       0xb8 CMakeFiles/Temperature_monitor.elf.dir/Drivers/STM32F0xx_HAL_Driver/Src/stm32f0xx_hal.c.obj
 .debug_aranges
                0x00000000000000b8       0xc0 CMakeFiles/Temperature_monitor.elf.dir/Drivers/STM32F0xx_HAL_Driver/Src/stm32f0xx_hal_cortex.c.obj
 .debug_aranges
                0x0000000000000178       0x58 CMakeFiles/Temperature_monitor.elf.dir/Drivers/STM32F0xx_HAL_Driver/Src/stm32f0xx_hal_gpio.c.obj
 .debug_aranges
                0x00000000000001d0      0x260 CMakeFiles/Temperature_monitor.elf.dir/Drivers/STM32F0xx_HAL_Driver/Src/stm32f0xx_hal_i2c.c.obj
 .debug_aranges
                0x0000000000000430       0x48 CMakeFiles/Temperature_monitor.elf.dir/Drivers/STM32F0xx_HAL_Driver/Src/stm32f0xx_hal_i2c_ex.c.obj
 .debug_aranges
                0x0000000000000478       0x28 CMakeFiles/Temperature_monitor.elf.dir/Drivers/STM32F0xx_HAL_Driver/Src/stm32f0xx_hal_iwdg.c.obj
 .debug_aranges
                0x00000000000004a0       0x80 CMakeFiles/Temperature_monitor.elf.dir/Drivers/STM32F0xx_HAL_Driver/Src/stm32f0xx_hal_rcc.c.obj
 .debug_aranges
                0x0000000000000520       0x78 CMakeFiles/Temperature_monitor.elf.dir/Drivers/STM32F0xx_HAL_Driver/Src/stm32f0xx_hal_rcc_ex.c.obj
 .debug_aranges
                0x0000000000000598       0x48 CMakeFiles/Temperature_monitor.elf.dir/Src/KIMaip.c.obj
 .debug_aranges
                0x00000000000005e0       0x68 CMakeFiles/Temperature_monitor.elf.dir/Src/MAX31865.c.obj
 .debug_aranges
                0x0000000000000648       0x58 CMakeFiles/Temperature_monitor.elf.dir/Src/main.c.obj
 .debug_aranges
                0x00000000000006a0       0x98 CMakeFiles/Temperature_monitor.elf.dir/Src/nokia5110_LCD.c.obj
 .debug_aranges
                0x0000000000000738       0x30 CMakeFiles/Temperature_monitor.elf.dir/Src/stm32f0xx_hal_msp.c.obj
 .debug_aranges
                0x0000000000000768       0x48 CMakeFiles/Temperature_monitor.elf.dir/Src/stm32f0xx_it.c.obj
 .debug_aranges
                0x00000000000007b0       0xb0 CMakeFiles/Temperature_monitor.elf.dir/Src/syscalls.c.obj
 .debug_aranges
                0x0000000000000860       0x28 CMakeFiles/Temperature_monitor.elf.dir/Src/system_stm32f0xx.c.obj

.debug_ranges   0x0000000000000000      0x788
 .debug_ranges  0x0000000000000000       0xa8 CMakeFiles/Temperature_monitor.elf.dir/Drivers/STM32F0xx_HAL_Driver/Src/stm32f0xx_hal.c.obj
 .debug_ranges  0x00000000000000a8       0xb0 CMakeFiles/Temperature_monitor.elf.dir/Drivers/STM32F0xx_HAL_Driver/Src/stm32f0xx_hal_cortex.c.obj
 .debug_ranges  0x0000000000000158       0x48 CMakeFiles/Temperature_monitor.elf.dir/Drivers/STM32F0xx_HAL_Driver/Src/stm32f0xx_hal_gpio.c.obj
 .debug_ranges  0x00000000000001a0      0x250 CMakeFiles/Temperature_monitor.elf.dir/Drivers/STM32F0xx_HAL_Driver/Src/stm32f0xx_hal_i2c.c.obj
 .debug_ranges  0x00000000000003f0       0x38 CMakeFiles/Temperature_monitor.elf.dir/Drivers/STM32F0xx_HAL_Driver/Src/stm32f0xx_hal_i2c_ex.c.obj
 .debug_ranges  0x0000000000000428       0x18 CMakeFiles/Temperature_monitor.elf.dir/Drivers/STM32F0xx_HAL_Driver/Src/stm32f0xx_hal_iwdg.c.obj
 .debug_ranges  0x0000000000000440       0x70 CMakeFiles/Temperature_monitor.elf.dir/Drivers/STM32F0xx_HAL_Driver/Src/stm32f0xx_hal_rcc.c.obj
 .debug_ranges  0x00000000000004b0       0x68 CMakeFiles/Temperature_monitor.elf.dir/Drivers/STM32F0xx_HAL_Driver/Src/stm32f0xx_hal_rcc_ex.c.obj
 .debug_ranges  0x0000000000000518       0x38 CMakeFiles/Temperature_monitor.elf.dir/Src/KIMaip.c.obj
 .debug_ranges  0x0000000000000550       0x58 CMakeFiles/Temperature_monitor.elf.dir/Src/MAX31865.c.obj
 .debug_ranges  0x00000000000005a8       0x48 CMakeFiles/Temperature_monitor.elf.dir/Src/main.c.obj
 .debug_ranges  0x00000000000005f0       0x88 CMakeFiles/Temperature_monitor.elf.dir/Src/nokia5110_LCD.c.obj
 .debug_ranges  0x0000000000000678       0x20 CMakeFiles/Temperature_monitor.elf.dir/Src/stm32f0xx_hal_msp.c.obj
 .debug_ranges  0x0000000000000698       0x38 CMakeFiles/Temperature_monitor.elf.dir/Src/stm32f0xx_it.c.obj
 .debug_ranges  0x00000000000006d0       0xa0 CMakeFiles/Temperature_monitor.elf.dir/Src/syscalls.c.obj
 .debug_ranges  0x0000000000000770       0x18 CMakeFiles/Temperature_monitor.elf.dir/Src/system_stm32f0xx.c.obj

.debug_line     0x0000000000000000     0x706e
 .debug_line    0x0000000000000000      0x4e9 CMakeFiles/Temperature_monitor.elf.dir/Drivers/STM32F0xx_HAL_Driver/Src/stm32f0xx_hal.c.obj
 .debug_line    0x00000000000004e9      0x58a CMakeFiles/Temperature_monitor.elf.dir/Drivers/STM32F0xx_HAL_Driver/Src/stm32f0xx_hal_cortex.c.obj
 .debug_line    0x0000000000000a73      0x59f CMakeFiles/Temperature_monitor.elf.dir/Drivers/STM32F0xx_HAL_Driver/Src/stm32f0xx_hal_gpio.c.obj
 .debug_line    0x0000000000001012     0x26fb CMakeFiles/Temperature_monitor.elf.dir/Drivers/STM32F0xx_HAL_Driver/Src/stm32f0xx_hal_i2c.c.obj
 .debug_line    0x000000000000370d      0x4c8 CMakeFiles/Temperature_monitor.elf.dir/Drivers/STM32F0xx_HAL_Driver/Src/stm32f0xx_hal_i2c_ex.c.obj
 .debug_line    0x0000000000003bd5      0x31b CMakeFiles/Temperature_monitor.elf.dir/Drivers/STM32F0xx_HAL_Driver/Src/stm32f0xx_hal_iwdg.c.obj
 .debug_line    0x0000000000003ef0      0x967 CMakeFiles/Temperature_monitor.elf.dir/Drivers/STM32F0xx_HAL_Driver/Src/stm32f0xx_hal_rcc.c.obj
 .debug_line    0x0000000000004857      0x7bd CMakeFiles/Temperature_monitor.elf.dir/Drivers/STM32F0xx_HAL_Driver/Src/stm32f0xx_hal_rcc_ex.c.obj
 .debug_line    0x0000000000005014      0x461 CMakeFiles/Temperature_monitor.elf.dir/Src/KIMaip.c.obj
 .debug_line    0x0000000000005475      0x4fc CMakeFiles/Temperature_monitor.elf.dir/Src/MAX31865.c.obj
 .debug_line    0x0000000000005971      0x5dc CMakeFiles/Temperature_monitor.elf.dir/Src/main.c.obj
 .debug_line    0x0000000000005f4d      0x55a CMakeFiles/Temperature_monitor.elf.dir/Src/nokia5110_LCD.c.obj
 .debug_line    0x00000000000064a7      0x2fe CMakeFiles/Temperature_monitor.elf.dir/Src/stm32f0xx_hal_msp.c.obj
 .debug_line    0x00000000000067a5      0x23e CMakeFiles/Temperature_monitor.elf.dir/Src/stm32f0xx_it.c.obj
 .debug_line    0x00000000000069e3      0x3f1 CMakeFiles/Temperature_monitor.elf.dir/Src/syscalls.c.obj
 .debug_line    0x0000000000006dd4      0x29a CMakeFiles/Temperature_monitor.elf.dir/Src/system_stm32f0xx.c.obj

.debug_str      0x0000000000000000     0x2d8b
 .debug_str     0x0000000000000000      0x9f6 CMakeFiles/Temperature_monitor.elf.dir/Drivers/STM32F0xx_HAL_Driver/Src/stm32f0xx_hal.c.obj
                                        0xab1 (size before relaxing)
 .debug_str     0x00000000000009f6      0x265 CMakeFiles/Temperature_monitor.elf.dir/Drivers/STM32F0xx_HAL_Driver/Src/stm32f0xx_hal_cortex.c.obj
                                        0xaf5 (size before relaxing)
 .debug_str     0x0000000000000c5b      0x20c CMakeFiles/Temperature_monitor.elf.dir/Drivers/STM32F0xx_HAL_Driver/Src/stm32f0xx_hal_gpio.c.obj
                                        0x8b8 (size before relaxing)
 .debug_str     0x0000000000000e67      0xc2f CMakeFiles/Temperature_monitor.elf.dir/Drivers/STM32F0xx_HAL_Driver/Src/stm32f0xx_hal_i2c.c.obj
                                       0x12ed (size before relaxing)
 .debug_str     0x0000000000001a96      0x138 CMakeFiles/Temperature_monitor.elf.dir/Drivers/STM32F0xx_HAL_Driver/Src/stm32f0xx_hal_i2c_ex.c.obj
                                        0xc81 (size before relaxing)
 .debug_str     0x0000000000001bce       0xf1 CMakeFiles/Temperature_monitor.elf.dir/Drivers/STM32F0xx_HAL_Driver/Src/stm32f0xx_hal_iwdg.c.obj
                                        0x733 (size before relaxing)
 .debug_str     0x0000000000001cbf      0x334 CMakeFiles/Temperature_monitor.elf.dir/Drivers/STM32F0xx_HAL_Driver/Src/stm32f0xx_hal_rcc.c.obj
                                        0xa75 (size before relaxing)
 .debug_str     0x0000000000001ff3      0x396 CMakeFiles/Temperature_monitor.elf.dir/Drivers/STM32F0xx_HAL_Driver/Src/stm32f0xx_hal_rcc_ex.c.obj
                                        0xa86 (size before relaxing)
 .debug_str     0x0000000000002389      0x16f CMakeFiles/Temperature_monitor.elf.dir/Src/KIMaip.c.obj
                                        0xc2f (size before relaxing)
 .debug_str     0x00000000000024f8      0x159 CMakeFiles/Temperature_monitor.elf.dir/Src/MAX31865.c.obj
                                        0x7bb (size before relaxing)
 .debug_str     0x0000000000002651      0x193 CMakeFiles/Temperature_monitor.elf.dir/Src/main.c.obj
                                       0x1249 (size before relaxing)
 .debug_str     0x00000000000027e4      0x186 CMakeFiles/Temperature_monitor.elf.dir/Src/nokia5110_LCD.c.obj
                                        0x83e (size before relaxing)
 .debug_str     0x000000000000296a       0x60 CMakeFiles/Temperature_monitor.elf.dir/Src/stm32f0xx_hal_msp.c.obj
                                        0xbff (size before relaxing)
 .debug_str     0x00000000000029ca       0xb8 CMakeFiles/Temperature_monitor.elf.dir/Src/stm32f0xx_it.c.obj
                                        0x6b8 (size before relaxing)
 .debug_str     0x0000000000002a82      0x289 CMakeFiles/Temperature_monitor.elf.dir/Src/syscalls.c.obj
                                        0x893 (size before relaxing)
 .debug_str     0x0000000000002d0b       0x80 CMakeFiles/Temperature_monitor.elf.dir/Src/system_stm32f0xx.c.obj
                                        0x6de (size before relaxing)

.comment        0x0000000000000000       0x1d
 .comment       0x0000000000000000       0x1d CMakeFiles/Temperature_monitor.elf.dir/Drivers/STM32F0xx_HAL_Driver/Src/stm32f0xx_hal.c.obj
                                         0x1e (size before relaxing)
 .comment       0x000000000000001d       0x1e CMakeFiles/Temperature_monitor.elf.dir/Drivers/STM32F0xx_HAL_Driver/Src/stm32f0xx_hal_cortex.c.obj
 .comment       0x000000000000001d       0x1e CMakeFiles/Temperature_monitor.elf.dir/Drivers/STM32F0xx_HAL_Driver/Src/stm32f0xx_hal_gpio.c.obj
 .comment       0x000000000000001d       0x1e CMakeFiles/Temperature_monitor.elf.dir/Drivers/STM32F0xx_HAL_Driver/Src/stm32f0xx_hal_i2c.c.obj
 .comment       0x000000000000001d       0x1e CMakeFiles/Temperature_monitor.elf.dir/Drivers/STM32F0xx_HAL_Driver/Src/stm32f0xx_hal_i2c_ex.c.obj
 .comment       0x000000000000001d       0x1e CMakeFiles/Temperature_monitor.elf.dir/Drivers/STM32F0xx_HAL_Driver/Src/stm32f0xx_hal_iwdg.c.obj
 .comment       0x000000000000001d       0x1e CMakeFiles/Temperature_monitor.elf.dir/Drivers/STM32F0xx_HAL_Driver/Src/stm32f0xx_hal_rcc.c.obj
 .comment       0x000000000000001d       0x1e CMakeFiles/Temperature_monitor.elf.dir/Drivers/STM32F0xx_HAL_Driver/Src/stm32f0xx_hal_rcc_ex.c.obj
 .comment       0x000000000000001d       0x1e CMakeFiles/Temperature_monitor.elf.dir/Src/KIMaip.c.obj
 .comment       0x000000000000001d       0x1e CMakeFiles/Temperature_monitor.elf.dir/Src/MAX31865.c.obj
 .comment       0x000000000000001d       0x1e CMakeFiles/Temperature_monitor.elf.dir/Src/main.c.obj
 .comment       0x000000000000001d       0x1e CMakeFiles/Temperature_monitor.elf.dir/Src/nokia5110_LCD.c.obj
 .comment       0x000000000000001d       0x1e CMakeFiles/Temperature_monitor.elf.dir/Src/stm32f0xx_hal_msp.c.obj
 .comment       0x000000000000001d       0x1e CMakeFiles/Temperature_monitor.elf.dir/Src/stm32f0xx_it.c.obj
 .comment       0x000000000000001d       0x1e CMakeFiles/Temperature_monitor.elf.dir/Src/syscalls.c.obj
 .comment       0x000000000000001d       0x1e CMakeFiles/Temperature_monitor.elf.dir/Src/system_stm32f0xx.c.obj

.debug_frame    0x0000000000000000     0x2900
 .debug_frame   0x0000000000000000      0x248 CMakeFiles/Temperature_monitor.elf.dir/Drivers/STM32F0xx_HAL_Driver/Src/stm32f0xx_hal.c.obj
 .debug_frame   0x0000000000000248      0x2a0 CMakeFiles/Temperature_monitor.elf.dir/Drivers/STM32F0xx_HAL_Driver/Src/stm32f0xx_hal_cortex.c.obj
 .debug_frame   0x00000000000004e8      0x110 CMakeFiles/Temperature_monitor.elf.dir/Drivers/STM32F0xx_HAL_Driver/Src/stm32f0xx_hal_gpio.c.obj
 .debug_frame   0x00000000000005f8      0x93c CMakeFiles/Temperature_monitor.elf.dir/Drivers/STM32F0xx_HAL_Driver/Src/stm32f0xx_hal_i2c.c.obj
 .debug_frame   0x0000000000000f34       0xd0 CMakeFiles/Temperature_monitor.elf.dir/Drivers/STM32F0xx_HAL_Driver/Src/stm32f0xx_hal_i2c_ex.c.obj
 .debug_frame   0x0000000000001004       0x50 CMakeFiles/Temperature_monitor.elf.dir/Drivers/STM32F0xx_HAL_Driver/Src/stm32f0xx_hal_iwdg.c.obj
 .debug_frame   0x0000000000001054      0x194 CMakeFiles/Temperature_monitor.elf.dir/Drivers/STM32F0xx_HAL_Driver/Src/stm32f0xx_hal_rcc.c.obj
 .debug_frame   0x00000000000011e8      0x180 CMakeFiles/Temperature_monitor.elf.dir/Drivers/STM32F0xx_HAL_Driver/Src/stm32f0xx_hal_rcc_ex.c.obj
 .debug_frame   0x0000000000001368       0xd4 CMakeFiles/Temperature_monitor.elf.dir/Src/KIMaip.c.obj
 .debug_frame   0x000000000000143c      0x154 CMakeFiles/Temperature_monitor.elf.dir/Src/MAX31865.c.obj
 .debug_frame   0x0000000000001590      0x108 CMakeFiles/Temperature_monitor.elf.dir/Src/main.c.obj
 .debug_frame   0x0000000000001698      0x214 CMakeFiles/Temperature_monitor.elf.dir/Src/nokia5110_LCD.c.obj
 .debug_frame   0x00000000000018ac       0x70 CMakeFiles/Temperature_monitor.elf.dir/Src/stm32f0xx_hal_msp.c.obj
 .debug_frame   0x000000000000191c       0xb8 CMakeFiles/Temperature_monitor.elf.dir/Src/stm32f0xx_it.c.obj
 .debug_frame   0x00000000000019d4      0x264 CMakeFiles/Temperature_monitor.elf.dir/Src/syscalls.c.obj
 .debug_frame   0x0000000000001c38       0x4c CMakeFiles/Temperature_monitor.elf.dir/Src/system_stm32f0xx.c.obj
 .debug_frame   0x0000000000001c84       0x20 /usr/lib/gcc/arm-none-eabi/9.2.0/thumb/v6-m/nofp/libgcc.a(_udivsi3.o)
 .debug_frame   0x0000000000001ca4       0x34 /usr/lib/gcc/arm-none-eabi/9.2.0/thumb/v6-m/nofp/libgcc.a(addsf3.o)
 .debug_frame   0x0000000000001cd8       0x30 /usr/lib/gcc/arm-none-eabi/9.2.0/thumb/v6-m/nofp/libgcc.a(divsf3.o)
 .debug_frame   0x0000000000001d08       0x2c /usr/lib/gcc/arm-none-eabi/9.2.0/thumb/v6-m/nofp/libgcc.a(eqsf2.o)
 .debug_frame   0x0000000000001d34       0x2c /usr/lib/gcc/arm-none-eabi/9.2.0/thumb/v6-m/nofp/libgcc.a(gesf2.o)
 .debug_frame   0x0000000000001d60       0x2c /usr/lib/gcc/arm-none-eabi/9.2.0/thumb/v6-m/nofp/libgcc.a(lesf2.o)
 .debug_frame   0x0000000000001d8c       0x30 /usr/lib/gcc/arm-none-eabi/9.2.0/thumb/v6-m/nofp/libgcc.a(mulsf3.o)
 .debug_frame   0x0000000000001dbc       0x30 /usr/lib/gcc/arm-none-eabi/9.2.0/thumb/v6-m/nofp/libgcc.a(subsf3.o)
 .debug_frame   0x0000000000001dec       0x2c /usr/lib/gcc/arm-none-eabi/9.2.0/thumb/v6-m/nofp/libgcc.a(floatunsisf.o)
 .debug_frame   0x0000000000001e18       0x30 /usr/lib/gcc/arm-none-eabi/9.2.0/thumb/v6-m/nofp/libgcc.a(divdf3.o)
 .debug_frame   0x0000000000001e48       0x30 /usr/lib/gcc/arm-none-eabi/9.2.0/thumb/v6-m/nofp/libgcc.a(muldf3.o)
 .debug_frame   0x0000000000001e78       0x2c /usr/lib/gcc/arm-none-eabi/9.2.0/thumb/v6-m/nofp/libgcc.a(floatsidf.o)
 .debug_frame   0x0000000000001ea4       0x28 /usr/lib/gcc/arm-none-eabi/9.2.0/thumb/v6-m/nofp/libgcc.a(floatunsidf.o)
 .debug_frame   0x0000000000001ecc       0x2c /usr/lib/gcc/arm-none-eabi/9.2.0/thumb/v6-m/nofp/libgcc.a(extendsfdf2.o)
 .debug_frame   0x0000000000001ef8       0x2c /usr/lib/gcc/arm-none-eabi/9.2.0/thumb/v6-m/nofp/libgcc.a(truncdfsf2.o)
 .debug_frame   0x0000000000001f24       0x20 /usr/lib/gcc/arm-none-eabi/9.2.0/../../../../arm-none-eabi/lib/thumb/v6-m/nofp/libg_nano.a(lib_a-errno.o)
 .debug_frame   0x0000000000001f44       0x2c /usr/lib/gcc/arm-none-eabi/9.2.0/../../../../arm-none-eabi/lib/thumb/v6-m/nofp/libg_nano.a(lib_a-init.o)
 .debug_frame   0x0000000000001f70       0x20 /usr/lib/gcc/arm-none-eabi/9.2.0/../../../../arm-none-eabi/lib/thumb/v6-m/nofp/libg_nano.a(lib_a-memset.o)
 .debug_frame   0x0000000000001f90       0x70 /usr/lib/gcc/arm-none-eabi/9.2.0/../../../../arm-none-eabi/lib/thumb/v6-m/nofp/libg_nano.a(lib_a-nano-vfprintf_float.o)
 .debug_frame   0x0000000000002000       0x54 /usr/lib/gcc/arm-none-eabi/9.2.0/../../../../arm-none-eabi/lib/thumb/v6-m/nofp/libg_nano.a(lib_a-nano-vfprintf_i.o)
 .debug_frame   0x0000000000002054       0x48 /usr/lib/gcc/arm-none-eabi/9.2.0/../../../../arm-none-eabi/lib/thumb/v6-m/nofp/libg_nano.a(lib_a-sprintf.o)
 .debug_frame   0x000000000000209c       0x54 /usr/lib/gcc/arm-none-eabi/9.2.0/../../../../arm-none-eabi/lib/thumb/v6-m/nofp/libg_nano.a(lib_a-dtoa.o)
 .debug_frame   0x00000000000020f0       0x40 /usr/lib/gcc/arm-none-eabi/9.2.0/../../../../arm-none-eabi/lib/thumb/v6-m/nofp/libg_nano.a(lib_a-localeconv.o)
 .debug_frame   0x0000000000002130       0x54 /usr/lib/gcc/arm-none-eabi/9.2.0/../../../../arm-none-eabi/lib/thumb/v6-m/nofp/libg_nano.a(lib_a-locale.o)
 .debug_frame   0x0000000000002184       0xb0 /usr/lib/gcc/arm-none-eabi/9.2.0/../../../../arm-none-eabi/lib/thumb/v6-m/nofp/libg_nano.a(lib_a-lock.o)
 .debug_frame   0x0000000000002234       0x40 /usr/lib/gcc/arm-none-eabi/9.2.0/../../../../arm-none-eabi/lib/thumb/v6-m/nofp/libg_nano.a(lib_a-malloc.o)
 .debug_frame   0x0000000000002274       0x44 /usr/lib/gcc/arm-none-eabi/9.2.0/../../../../arm-none-eabi/lib/thumb/v6-m/nofp/libg_nano.a(lib_a-mbtowc_r.o)
 .debug_frame   0x00000000000022b8       0x20 /usr/lib/gcc/arm-none-eabi/9.2.0/../../../../arm-none-eabi/lib/thumb/v6-m/nofp/libg_nano.a(lib_a-memchr-stub.o)
 .debug_frame   0x00000000000022d8       0x28 /usr/lib/gcc/arm-none-eabi/9.2.0/../../../../arm-none-eabi/lib/thumb/v6-m/nofp/libg_nano.a(lib_a-memcpy-stub.o)
 .debug_frame   0x0000000000002300      0x22c /usr/lib/gcc/arm-none-eabi/9.2.0/../../../../arm-none-eabi/lib/thumb/v6-m/nofp/libg_nano.a(lib_a-mprec.o)
 .debug_frame   0x000000000000252c       0x2c /usr/lib/gcc/arm-none-eabi/9.2.0/../../../../arm-none-eabi/lib/thumb/v6-m/nofp/libg_nano.a(lib_a-nano-callocr.o)
 .debug_frame   0x0000000000002558       0x2c /usr/lib/gcc/arm-none-eabi/9.2.0/../../../../arm-none-eabi/lib/thumb/v6-m/nofp/libg_nano.a(lib_a-nano-freer.o)
 .debug_frame   0x0000000000002584       0x30 /usr/lib/gcc/arm-none-eabi/9.2.0/../../../../arm-none-eabi/lib/thumb/v6-m/nofp/libg_nano.a(lib_a-nano-mallocr.o)
 .debug_frame   0x00000000000025b4       0x74 /usr/lib/gcc/arm-none-eabi/9.2.0/../../../../arm-none-eabi/lib/thumb/v6-m/nofp/libg_nano.a(lib_a-nano-svfprintf.o)
 .debug_frame   0x0000000000002628       0x2c /usr/lib/gcc/arm-none-eabi/9.2.0/../../../../arm-none-eabi/lib/thumb/v6-m/nofp/libg_nano.a(lib_a-sbrkr.o)
 .debug_frame   0x0000000000002654       0x38 /usr/lib/gcc/arm-none-eabi/9.2.0/../../../../arm-none-eabi/lib/thumb/v6-m/nofp/libg_nano.a(lib_a-wctomb_r.o)
 .debug_frame   0x000000000000268c       0x28 /usr/lib/gcc/arm-none-eabi/9.2.0/../../../../arm-none-eabi/lib/thumb/v6-m/nofp/libg_nano.a(lib_a-memmove.o)
 .debug_frame   0x00000000000026b4       0x40 /usr/lib/gcc/arm-none-eabi/9.2.0/../../../../arm-none-eabi/lib/thumb/v6-m/nofp/libg_nano.a(lib_a-mlock.o)
 .debug_frame   0x00000000000026f4       0x30 /usr/lib/gcc/arm-none-eabi/9.2.0/../../../../arm-none-eabi/lib/thumb/v6-m/nofp/libg_nano.a(lib_a-nano-reallocr.o)
 .debug_frame   0x0000000000002724       0x48 /usr/lib/gcc/arm-none-eabi/9.2.0/../../../../arm-none-eabi/lib/thumb/v6-m/nofp/libg_nano.a(lib_a-reent.o)
 .debug_frame   0x000000000000276c       0x20 /usr/lib/gcc/arm-none-eabi/9.2.0/../../../../arm-none-eabi/lib/thumb/v6-m/nofp/libg_nano.a(lib_a-nano-msizer.o)
 .debug_frame   0x000000000000278c       0x20 /usr/lib/gcc/arm-none-eabi/9.2.0/thumb/v6-m/nofp/libgcc.a(_divsi3.o)
 .debug_frame   0x00000000000027ac       0x34 /usr/lib/gcc/arm-none-eabi/9.2.0/thumb/v6-m/nofp/libgcc.a(adddf3.o)
 .debug_frame   0x00000000000027e0       0x30 /usr/lib/gcc/arm-none-eabi/9.2.0/thumb/v6-m/nofp/libgcc.a(eqdf2.o)
 .debug_frame   0x0000000000002810       0x30 /usr/lib/gcc/arm-none-eabi/9.2.0/thumb/v6-m/nofp/libgcc.a(gedf2.o)
 .debug_frame   0x0000000000002840       0x30 /usr/lib/gcc/arm-none-eabi/9.2.0/thumb/v6-m/nofp/libgcc.a(ledf2.o)
 .debug_frame   0x0000000000002870       0x34 /usr/lib/gcc/arm-none-eabi/9.2.0/thumb/v6-m/nofp/libgcc.a(subdf3.o)
 .debug_frame   0x00000000000028a4       0x30 /usr/lib/gcc/arm-none-eabi/9.2.0/thumb/v6-m/nofp/libgcc.a(unorddf2.o)
 .debug_frame   0x00000000000028d4       0x2c /usr/lib/gcc/arm-none-eabi/9.2.0/thumb/v6-m/nofp/libgcc.a(fixdfsi.o)